Component: ARM Compiler 5.05 update 1 (build 106) Tool: armlink [4d0efa]

==============================================================================

Section Cross References

    main.o(i._Z12AppObjCreatev) refers to bsp_dr16.o(i.DR16_mailbox_init) for DR16_mailbox_init
    main.o(i._Z12AppObjCreatev) refers to rt_time.o(i.rt_dly_wait) for rt_dly_wait
    main.o(i._Z13AppTaskCreatev) refers to main.o(.bss) for DisconnectCheckStk
    main.o(i._Z13AppTaskCreatev) refers to main.o(i._Z15DisconnectCheckv) for DisconnectCheck()
    main.o(i._Z13AppTaskCreatev) refers to rt_task.o(i.rt_tsk_create) for rt_tsk_create
    main.o(i._Z13AppTaskCreatev) refers to main.o(.data) for HandleDisconnectCheck
    main.o(i._Z13AppTaskCreatev) refers to main.o(i._Z13DR16_DATA_Recv) for DR16_DATA_Rec()
    main.o(i._Z13AppTaskCreatev) refers to main.o(i._Z15PitchYaw_Aguestv) for PitchYaw_Aguest()
    main.o(i._Z13AppTaskCreatev) refers to main.o(i._Z18AHRS_Update_Aguestv) for AHRS_Update_Aguest()
    main.o(i._Z13AppTaskCreatev) refers to main.o(i._Z15Imu_data_Aguestv) for Imu_data_Aguest()
    main.o(i._Z13AppTaskCreatev) refers to main.o(i._Z13Boot_Sequencev) for Boot_Sequence()
    main.o(i._Z13AppTaskCreatev) refers to main.o(i._Z8PWM_Taskv) for PWM_Task()
    main.o(i._Z13Boot_Sequencev) refers to rt_time.o(i.rt_dly_wait) for rt_dly_wait
    main.o(i._Z13Boot_Sequencev) refers to main.o(.bss) for YawPID
    main.o(i._Z13Boot_Sequencev) refers to main.o(.data) for PIDBegin_CAN
    main.o(i._Z13Boot_Sequencev) refers to rt_task.o(i.rt_tsk_delete) for rt_tsk_delete
    main.o(i._Z13DR16_DATA_Recv) refers to bsp_dr16.o(i.DR16_receive) for DR16_receive
    main.o(i._Z13DR16_DATA_Recv) refers to os_dr16.o(i.os_dr16) for os_dr16
    main.o(i._Z13DR16_DATA_Recv) refers to rt_time.o(i.rt_dly_wait) for rt_dly_wait
    main.o(i._Z15DisconnectCheckv) refers to f2d.o(.text) for __aeabi_f2d
    main.o(i._Z15DisconnectCheckv) refers to bsp_usart.o(i.u1_printf) for u1_printf
    main.o(i._Z15DisconnectCheckv) refers to cpid.o(.bss) for Yawpid
    main.o(i._Z15DisconnectCheckv) refers to rt_time.o(i.rt_dly_wait) for rt_dly_wait
    main.o(i._Z15Imu_data_Aguestv) refers to mpu6050.o(i.Imu_data_Prepare) for Imu_data_Prepare
    main.o(i._Z15Imu_data_Aguestv) refers to rt_time.o(i.rt_itv_set) for rt_itv_set
    main.o(i._Z15Imu_data_Aguestv) refers to rt_time.o(i.rt_dly_wait) for rt_dly_wait
    main.o(i._Z15PitchYaw_Aguestv) refers to systemtimer.o(i.RunTime1) for RunTime1
    main.o(i._Z15PitchYaw_Aguestv) refers to motor.o(i.controlnormalmode_update) for controlnormalmode_update
    main.o(i._Z15PitchYaw_Aguestv) refers to rt_time.o(i.rt_dly_wait) for rt_dly_wait
    main.o(i._Z18AHRS_Update_Aguestv) refers to systemtimer.o(i.RunTime2) for RunTime2
    main.o(i._Z18AHRS_Update_Aguestv) refers to mpu6050.o(i.AHRS_Update) for AHRS_Update
    main.o(i._Z18AHRS_Update_Aguestv) refers to rt_time.o(i.rt_dly_wait) for rt_dly_wait
    main.o(i._Z3ttpv) refers to location.o(i.Location) for Location
    main.o(i._Z3ttpv) refers to location.o(.bss) for MotorMassage
    main.o(i._Z8PWM_Taskv) refers to rt_time.o(i.rt_dly_wait) for rt_dly_wait
    main.o(i._Z9TaskStartv) refers to main.o(i._Z13AppTaskCreatev) for AppTaskCreate()
    main.o(i._Z9TaskStartv) refers to main.o(i._Z12AppObjCreatev) for AppObjCreate()
    main.o(i._Z9TaskStartv) refers to rt_time.o(i.rt_dly_wait) for rt_dly_wait
    main.o(i.__sti___8_main_cpp_7d6d8351) refers to cpid.o(i._ZN8FUZZYPIDC1Efffffffffffffffffffffffff) for FUZZYPID::FUZZYPID(float, float, float, float, float, float, float, float, float, float, float, float, float, float, float, float, float, float, float, float, float, float, float, float, float)
    main.o(i.__sti___8_main_cpp_7d6d8351) refers to cpid.o(i._ZN7PIDBaseC1Efffffffffffff) for PIDBase::PIDBase(float, float, float, float, float, float, float, float, float, float, float, float, float)
    main.o(i.__sti___8_main_cpp_7d6d8351) refers to main.o(i._ZN9FUZZYSPIDC1Efffffffffffffffffffffffff) for FUZZYSPID::FUZZYSPID(float, float, float, float, float, float, float, float, float, float, float, float, float, float, float, float, float, float, float, float, float, float, float, float, float)
    main.o(i.__sti___8_main_cpp_7d6d8351) refers to main.o(.bss) for PitchPID
    main.o(i.main) refers to bsp.o(i.bsp_Init) for bsp_Init
    main.o(i.main) refers to cpid.o(i._Z16ControlTask_Initv) for ControlTask_Init()
    main.o(i.main) refers to hal_cm4.o(.emb_text) for os_set_env
    main.o(i.main) refers to main.o(.bss) for TaskStartStk
    main.o(i.main) refers to main.o(i._Z9TaskStartv) for TaskStart()
    main.o(i.main) refers to rt_task.o(i.rt_sys_init) for rt_sys_init
    main.o(.ARM.exidx) refers to main.o(i._Z12AppObjCreatev) for i._Z12AppObjCreatev
    main.o(.ARM.exidx) refers to main.o(i._Z8PWM_Taskv) for i._Z8PWM_Taskv
    main.o(.ARM.exidx) refers to main.o(i._Z13Boot_Sequencev) for i._Z13Boot_Sequencev
[...]
    TaskStartStk                             0x20000568   Data         512  main.o(.bss)
    DR16_DATA_RecStk                         0x20000768   Data         512  main.o(.bss)
    DisconnectCheckStk                       0x20000968   Data         512  main.o(.bss)
    PitchYaw_AguestStk                       0x20000b68   Data        1024  main.o(.bss)
    AHRS_Update_AguestStk                    0x20000f68   Data         512  main.o(.bss)
    Imu_data_AguestStk                       0x20001168   Data         512  main.o(.bss)
    PWM_TaskStk                              0x20001368   Data         512  main.o(.bss)
    Boot_SequenceStk                         0x20001568   Data         512  main.o(.bss)
    DR16_SxValueStk                          0x20001768   Data         512  main.o(.bss)
    .bss                                     0x20001968   Section     1072  rtx_conf_cm.o(.bss)
    .bss                                     0x20001d98   Section       56  bsp_hardtimer.o(.bss)
    g_tTIM3                                  0x20001d98   Data          56  bsp_hardtimer.o(.bss)
    .bss                                     0x20001dd0   Section     4137  bsp_dr16.o(.bss)
    .bss                                     0x20002e00   Section     3072  bsp_usart.o(.bss)
    g_RxBuf1                                 0x20002e00   Data        1024  bsp_usart.o(.bss)
    .bss                                     0x20003a00   Section       48  rt_list.o(.bss)
    .bss                                     0x20003a30   Section       56  rt_task.o(.bss)
    .bss                                     0x20003a68   Section       12  motor.o(.bss)
    .bss                                     0x20003a74   Section      264  cpid.o(.bss)
    .bss                                     0x20003b80   Section     5174  usartframe_stm32.o(.bss)
    .bss                                     0x20004fb8   Section      288  mpu6050.o(.bss)
    ACC_TEMP                                 0x20005060   Data          12  mpu6050.o(.bss)
    BUF4                                     0x2000506c   Data          12  mpu6050.o(.bss)
    BUF5                                     0x20005078   Data          12  mpu6050.o(.bss)
    BUF6                                     0x20005084   Data          12  mpu6050.o(.bss)
    BUF1                                     0x20005090   Data          12  mpu6050.o(.bss)
    BUF2                                     0x2000509c   Data          12  mpu6050.o(.bss)
    BUF3                                     0x200050a8   Data          12  mpu6050.o(.bss)
    BUF4                                     0x200050b4   Data          12  mpu6050.o(.bss)
    BUF5                                     0x200050c0   Data          12  mpu6050.o(.bss)
    BUF6                                     0x200050cc   Data          12  mpu6050.o(.bss)
    STACK                                    0x200050d8   Section     1024  startup_stm32f40_41xxx.o(STACK)

    Global Symbols

    Symbol Name                              Value     Ov Type        Size  Object(Section)

    BuildAttributes$$THM_ISAv4$E$P$D$K$B$S$7EM$VFPi3$EXTD16$VFPS$VFMA$PE$A:L22UL41UL21$X:L11$S22US41US21$IEEE1$IW$USESV6$~STKCKD$USESV7$~SHL$OTIME$ROPI$IEEEX$EBA8$MICROLIB$REQ8$PRES8$EABIv2 0x00000000   Number         0  anon$$obj.o ABSOLUTE
    __ARM_use_no_argv                        0x00000000   Number         0  main.o ABSOLUTE
    _printf_a                                0x00000000   Number         0  stubs.o ABSOLUTE
    _printf_c                                0x00000000   Number         0  stubs.o ABSOLUTE
    _printf_charcount                        0x00000000   Number         0  stubs.o ABSOLUTE
    _printf_d                                0x00000000   Number         0  stubs.o ABSOLUTE
    _printf_e                                0x00000000   Number         0  stubs.o ABSOLUTE
    _printf_f                                0x00000000   Number         0  stubs.o ABSOLUTE
    _printf_flags                            0x00000000   Number         0  stubs.o ABSOLUTE
    _printf_fp_dec                           0x00000000   Number         0  stubs.o ABSOLUTE
    _printf_fp_hex                           0x00000000   Number         0  stubs.o ABSOLUTE
    _printf_g                                0x00000000   Number         0  stubs.o ABSOLUTE
    _printf_i                                0x00000000   Number         0  stubs.o ABSOLUTE
    _printf_int_dec                          0x00000000   Number         0  stubs.o ABSOLUTE
    _printf_l                                0x00000000   Number         0  stubs.o ABSOLUTE
    _printf_lc                               0x00000000   Number         0  stubs.o ABSOLUTE
    _printf_ll                               0x00000000   Number         0  stubs.o ABSOLUTE
    _printf_lld                              0x00000000   Number         0  stubs.o ABSOLUTE
    _printf_lli                              0x00000000   Number         0  stubs.o ABSOLUTE
    _printf_llo                              0x00000000   Number         0  stubs.o ABSOLUTE
    _printf_llu                              0x00000000   Number         0  stubs.o ABSOLUTE
    _printf_llx                              0x00000000   Number         0  stubs.o ABSOLUTE
    _printf_longlong_dec                     0x00000000   Number         0  stubs.o ABSOLUTE
    _printf_longlong_hex                     0x00000000   Number         0  stubs.o ABSOLUTE
    _printf_longlong_oct                     0x00000000   Number         0  stubs.o ABSOLUTE
    _printf_ls                               0x00000000   Number         0  stubs.o ABSOLUTE
    _printf_mbtowc                           0x00000000   Number         0  stubs.o ABSOLUTE
    _printf_n                                0x00000000   Number         0  stubs.o ABSOLUTE
    _printf_o                                0x00000000   Number         0  stubs.o ABSOLUTE
    _printf_p                                0x00000000   Number         0  stubs.o ABSOLUTE
    _printf_percent                          0x00000000   Number         0  stubs.o ABSOLUTE
    _printf_pre_padding                      0x00000000   Number         0  stubs.o ABSOLUTE
    _printf_return_value                     0x00000000   Number         0  stubs.o ABSOLUTE
    _printf_s                                0x00000000   Number         0  stubs.o ABSOLUTE
    _printf_sizespec                         0x00000000   Number         0  stubs.o ABSOLUTE
    _printf_str                              0x00000000   Number         0  stubs.o ABSOLUTE
    _printf_truncate_signed                  0x00000000   Number         0  stubs.o ABSOLUTE
    _printf_truncate_unsigned                0x00000000   Number         0  stubs.o ABSOLUTE
    _printf_u                                0x00000000   Number         0  stubs.o ABSOLUTE
    _printf_wc                               0x00000000   Number         0  stubs.o ABSOLUTE
    _printf_wctomb                           0x00000000   Number         0  stubs.o ABSOLUTE
    _printf_widthprec                        0x00000000   Number         0  stubs.o ABSOLUTE
    _printf_x                                0x00000000   Number         0  stubs.o ABSOLUTE
    __cxa_finalize                            - Undefined Weak Reference
    _clock_init                               - Undefined Weak Reference
    _microlib_exit                            - Undefined Weak Reference
    __Vectors_Size                           0x00000188   Number         0  startup_stm32f40_41xxx.o ABSOLUTE
    __RL_RTX_VER                             0x00000473   Number         0  rt_system.o ABSOLUTE
    __Vectors                                0x08000000   Data           4  startup_stm32f40_41xxx.o(RESET)
    __Vectors_End                            0x08000188   Data           0  startup_stm32f40_41xxx.o(RESET)
    __main                                   0x08000189   Thumb Code     0  entry.o(.ARM.Collect$$$$00000000)
    _main_stk                                0x08000189   Thumb Code     0  entry2.o(.ARM.Collect$$$$00000001)
    _main_scatterload                        0x0800018d   Thumb Code     0  entry5.o(.ARM.Collect$$$$00000004)
    __main_after_scatterload                 0x08000191   Thumb Code     0  entry5.o(.ARM.Collect$$$$00000004)
    _main_clock                              0x08000191   Thumb Code     0  entry7b.o(.ARM.Collect$$$$00000008)
    _main_cpp_init$empty                     0x08000191   Thumb Code     0  entry8a.o(.ARM.Collect$$$$00000009)
    _main_cpp_init                           0x08000195   Thumb Code     0  entry8b.o(.ARM.Collect$$$$0000000A)
    _main_init                               0x08000195   Thumb Code     0  entry9a.o(.ARM.Collect$$$$0000000B)
    __rt_final_cpp                           0x0800019d   Thumb Code     0  entry10a.o(.ARM.Collect$$$$0000000D)
    __rt_final_exit                          0x0800019d   Thumb Code     0  entry11a.o(.ARM.Collect$$$$0000000F)
    rt_set_PSP                               0x080001a1   Thumb Code     6  hal_cm4.o(.emb_text)
    rt_get_PSP                               0x080001a7   Thumb Code     6  hal_cm4.o(.emb_text)
    os_set_env                               0x080001ad   Thumb Code    24  hal_cm4.o(.emb_text)
    _alloc_box                               0x080001c9   Thumb Code    28  hal_cm4.o(.emb_text)
    _free_box                                0x080001e9   Thumb Code    28  hal_cm4.o(.emb_text)
    SVC_Handler                              0x08000209   Thumb Code   160  hal_cm4.o(.emb_text)
    PendSV_Handler                           0x080002b5   Thumb Code   112  hal_cm4.o(.emb_text)
    SysTick_Handler                          0x08000329   Thumb Code     8  hal_cm4.o(.emb_text)
    OS_Tick_Handler                          0x08000331   Thumb Code    12  hal_cm4.o(.emb_text)
    Reset_Handler                            0x0800033d   Thumb Code     8  startup_stm32f40_41xxx.o(.text)
    ADC_IRQHandler                           0x08000357   Thumb Code     0  startup_stm32f40_41xxx.o(.text)
    CAN1_RX0_IRQHandler                      0x08000357   Thumb Code     0  startup_stm32f40_41xxx.o(.text)
    CAN1_RX1_IRQHandler                      0x08000357   Thumb Code     0  startup_stm32f40_41xxx.o(.text)
    CAN1_SCE_IRQHandler                      0x08000357   Thumb Code     0  startup_stm32f40_41xxx.o(.text)
    CAN1_TX_IRQHandler                       0x08000357   Thumb Code     0  startup_stm32f40_41xxx.o(.text)
    CAN2_RX0_IRQHandler                      0x08000357   Thumb Code     0  startup_stm32f40_41xxx.o(.text)
    CAN2_RX1_IRQHandler                      0x08000357   Thumb Code     0  startup_stm32f40_41xxx.o(.text)
    CAN2_SCE_IRQHandler                      0x08000357   Thumb Code     0  startup_stm32f40_41xxx.o(.text)
    CAN2_TX_IRQHandler                       0x08000357   Thumb Code     0  startup_stm32f40_41xxx.o(.text)
    CRYP_IRQHandler                          0x08000357   Thumb Code     0  startup_stm32f40_41xxx.o(.text)
    DCMI_IRQHandler                          0x08000357   Thumb Code     0  startup_stm32f40_41xxx.o(.text)
    DMA1_Stream0_IRQHandler                  0x08000357   Thumb Code     0  startup_stm32f40_41xxx.o(.text)
    DMA1_Stream1_IRQHandler                  0x08000357   Thumb Code     0  startup_stm32f40_41xxx.o(.text)
    DMA1_Stream2_IRQHandler                  0x08000357   Thumb Code     0  startup_stm32f40_41xxx.o(.text)
    DMA1_Stream4_IRQHandler                  0x08000357   Thumb Code     0  startup_stm32f40_41xxx.o(.text)
    DMA1_Stream6_IRQHandler                  0x08000357   Thumb Code     0  startup_stm32f40_41xxx.o(.text)
    DMA1_Stream7_IRQHandler                  0x08000357   Thumb Code     0  startup_stm32f40_41xxx.o(.text)
    DMA2_Stream0_IRQHandler                  0x08000357   Thumb Code     0  startup_stm32f40_41xxx.o(.text)
    DMA2_Stream1_IRQHandler                  0x08000357   Thumb Code     0  startup_stm32f40_41xxx.o(.text)
    DMA2_Stream2_IRQHandler                  0x08000357   Thumb Code     0  startup_stm32f40_41xxx.o(.text)
    DMA2_Stream3_IRQHandler                  0x08000357   Thumb Code     0  startup_stm32f40_41xxx.o(.text)
    DMA2_Stream4_IRQHandler                  0x08000357   Thumb Code     0  startup_stm32f40_41xxx.o(.text)
    DMA2_Stream5_IRQHandler                  0x08000357   Thumb Code     0  startup_stm32f40_41xxx.o(.text)
    DMA2_Stream6_IRQHandler                  0x08000357   Thumb Code     0  startup_stm32f40_41xxx.o(.text)
    ETH_IRQHandler                           0x08000357   Thumb Code     0  startup_stm32f40_41xxx.o(.text)
    ETH_WKUP_IRQHandler                      0x08000357   Thumb Code     0  startup_stm32f40_41xxx.o(.text)
    EXTI0_IRQHandler                         0x08000357   Thumb Code     0  startup_stm32f40_41xxx.o(.text)
    EXTI15_10_IRQHandler                     0x08000357   Thumb Code     0  startup_stm32f40_41xxx.o(.text)
    EXTI1_IRQHandler                         0x08000357   Thumb Code     0  startup_stm32f40_41xxx.o(.text)
    EXTI2_IRQHandler                         0x08000357   Thumb Code     0  startup_stm32f40_41xxx.o(.text)
    EXTI3_IRQHandler                         0x08000357   Thumb Code     0  startup_stm32f40_41xxx.o(.text)
    EXTI4_IRQHandler                         0x08000357   Thumb Code     0  startup_stm32f40_41xxx.o(.text)
    EXTI9_5_IRQHandler                       0x08000357   Thumb Code     0  startup_stm32f40_41xxx.o(.text)
    FLASH_IRQHandler                         0x08000357   Thumb Code     0  startup_stm32f40_41xxx.o(.text)
    FPU_IRQHandler                           0x08000357   Thumb Code     0  startup_stm32f40_41xxx.o(.text)
    FSMC_IRQHandler                          0x08000357   Thumb Code     0  startup_stm32f40_41xxx.o(.text)
    HASH_RNG_IRQHandler                      0x08000357   Thumb Code     0  startup_stm32f40_41xxx.o(.text)
    I2C1_ER_IRQHandler                       0x08000357   Thumb Code     0  startup_stm32f40_41xxx.o(.text)
    I2C1_EV_IRQHandler                       0x08000357   Thumb Code     0  startup_stm32f40_41xxx.o(.text)
    I2C2_ER_IRQHandler                       0x08000357   Thumb Code     0  startup_stm32f40_41xxx.o(.text)
    I2C2_EV_IRQHandler                       0x08000357   Thumb Code     0  startup_stm32f40_41xxx.o(.text)
    I2C3_ER_IRQHandler                       0x08000357   Thumb Code     0  startup_stm32f40_41xxx.o(.text)
    I2C3_EV_IRQHandler                       0x08000357   Thumb Code     0  startup_stm32f40_41xxx.o(.text)
    OTG_FS_IRQHandler                        0x08000357   Thumb Code     0  startup_stm32f40_41xxx.o(.text)
    OTG_FS_WKUP_IRQHandler                   0x08000357   Thumb Code     0  startup_stm32f40_41xxx.o(.text)
    OTG_HS_EP1_IN_IRQHandler                 0x08000357   Thumb Code     0  startup_stm32f40_41xxx.o(.text)
    OTG_HS_EP1_OUT_IRQHandler                0x08000357   Thumb Code     0  startup_stm32f40_41xxx.o(.text)
    OTG_HS_IRQHandler                        0x08000357   Thumb Code     0  startup_stm32f40_41xxx.o(.text)
    OTG_HS_WKUP_IRQHandler                   0x08000357   Thumb Code     0  startup_stm32f40_41xxx.o(.text)
    PVD_IRQHandler                           0x08000357   Thumb Code     0  startup_stm32f40_41xxx.o(.text)
    RCC_IRQHandler                           0x08000357   Thumb Code     0  startup_stm32f40_41xxx.o(.text)
    RTC_Alarm_IRQHandler                     0x08000357   Thumb Code     0  startup_stm32f40_41xxx.o(.text)
    RTC_WKUP_IRQHandler                      0x08000357   Thumb Code     0  startup_stm32f40_41xxx.o(.text)
    SDIO_IRQHandler                          0x08000357   Thumb Code     0  startup_stm32f40_41xxx.o(.text)
    SPI1_IRQHandler                          0x08000357   Thumb Code     0  startup_stm32f40_41xxx.o(.text)
    SPI2_IRQHandler                          0x08000357   Thumb Code     0  startup_stm32f40_41xxx.o(.text)
    SPI3_IRQHandler                          0x08000357   Thumb Code     0  startup_stm32f40_41xxx.o(.text)
    TAMP_STAMP_IRQHandler                    0x08000357   Thumb Code     0  startup_stm32f40_41xxx.o(.text)
    TIM1_BRK_TIM9_IRQHandler                 0x08000357   Thumb Code     0  startup_stm32f40_41xxx.o(.text)
    TIM1_CC_IRQHandler                       0x08000357   Thumb Code     0  startup_stm32f40_41xxx.o(.text)
    TIM1_TRG_COM_TIM11_IRQHandler            0x08000357   Thumb Code     0  startup_stm32f40_41xxx.o(.text)
    TIM2_IRQHandler                          0x08000357   Thumb Code     0  startup_stm32f40_41xxx.o(.text)
    TIM4_IRQHandler                          0x08000357   Thumb Code     0  startup_stm32f40_41xxx.o(.text)
    TIM5_IRQHandler                          0x08000357   Thumb Code     0  startup_stm32f40_41xxx.o(.text)
    TIM6_DAC_IRQHandler                      0x08000357   Thumb Code     0  startup_stm32f40_41xxx.o(.text)
    TIM7_IRQHandler                          0x08000357   Thumb Code     0  startup_stm32f40_41xxx.o(.text)
    TIM8_BRK_TIM12_IRQHandler                0x08000357   Thumb Code     0  startup_stm32f40_41xxx.o(.text)
    TIM8_CC_IRQHandler                       0x08000357   Thumb Code     0  startup_stm32f40_41xxx.o(.text)
    TIM8_TRG_COM_TIM14_IRQHandler            0x08000357   Thumb Code     0  startup_stm32f40_41xxx.o(.text)
    TIM8_UP_TIM13_IRQHandler                 0x08000357   Thumb Code     0  startup_stm32f40_41xxx.o(.text)
    UART4_IRQHandler                         0x08000357   Thumb Code     0  startup_stm32f40_41xxx.o(.text)
    UART5_IRQHandler                         0x08000357   Thumb Code     0  startup_stm32f40_41xxx.o(.text)
    USART2_IRQHandler                        0x08000357   Thumb Code     0  startup_stm32f40_41xxx.o(.text)
    USART6_IRQHandler                        0x08000357   Thumb Code     0  startup_stm32f40_41xxx.o(.text)
    WWDG_IRQHandler                          0x08000357   Thumb Code     0  startup_stm32f40_41xxx.o(.text)
    __aeabi_memset                           0x08000361   Thumb Code    14  memseta.o(.text)
    __aeabi_memset4                          0x08000361   Thumb Code     0  memseta.o(.text)
    __aeabi_memset8                          0x08000361   Thumb Code     0  memseta.o(.text)
    __aeabi_memclr                           0x0800036f   Thumb Code     4  memseta.o(.text)
    __aeabi_memclr4                          0x0800036f   Thumb Code     0  memseta.o(.text)
    __aeabi_memclr8                          0x0800036f   Thumb Code     0  memseta.o(.text)
    _memset$wrapper                          0x08000373   Thumb Code    18  memseta.o(.text)
    strlen                                   0x08000385   Thumb Code    14  strlen.o(.text)
    __cpp_initialize__aeabi_                 0x08000395   Thumb Code    22  cpp_init.o(.text)
    __aeabi_dadd                             0x080003b5   Thumb Code   322  dadd.o(.text)
    __aeabi_dsub                             0x080004f7   Thumb Code     6  dadd.o(.text)
    __aeabi_drsub                            0x080004fd   Thumb Code     6  dadd.o(.text)
    __aeabi_dmul                             0x08000503   Thumb Code   228  dmul.o(.text)
    __aeabi_ddiv                             0x080005e7   Thumb Code   222  ddiv.o(.text)
    __aeabi_i2d                              0x080006c5   Thumb Code    34  dflti.o(.text)
    __aeabi_f2d                              0x080006e7   Thumb Code    38  f2d.o(.text)
    __aeabi_d2f                              0x0800070d   Thumb Code    56  d2f.o(.text)
    __aeabi_uidiv                            0x08000745   Thumb Code     0  uidiv.o(.text)
    __aeabi_uidivmod                         0x08000745   Thumb Code    44  uidiv.o(.text)
    __aeabi_uldivmod                         0x08000771   Thumb Code    98  uldiv.o(.text)
    __aeabi_llsl                             0x080007d3   Thumb Code    30  llshl.o(.text)
    _ll_shift_l                              0x080007d3   Thumb Code     0  llshl.o(.text)
    __aeabi_lasr                             0x080007f1   Thumb Code    36  llsshr.o(.text)
    _ll_sshift_r                             0x080007f1   Thumb Code     0  llsshr.o(.text)
    __I$use$fp                               0x08000815   Thumb Code     0  iusefp.o(.text)
    _float_round                             0x08000815   Thumb Code    18  fepilogue.o(.text)
    _float_epilogue                          0x08000827   Thumb Code    92  fepilogue.o(.text)
    _double_round                            0x08000883   Thumb Code    30  depilogue.o(.text)
    _double_epilogue                         0x080008a1   Thumb Code   156  depilogue.o(.text)
    __aeabi_d2ulz                            0x0800093d   Thumb Code    48  dfixul.o(.text)
    __aeabi_cdrcmple                         0x0800096d   Thumb Code    48  cdrcmple.o(.text)
    __scatterload                            0x0800099d   Thumb Code    28  init.o(.text)
    __scatterload_rt2                        0x0800099d   Thumb Code     0  init.o(.text)
    __aeabi_llsr                             0x080009c1   Thumb Code    32  llushr.o(.text)
    _ll_ushift_r                             0x080009c1   Thumb Code     0  llushr.o(.text)
    __decompress                             0x080009e1   Thumb Code     0  __dczerorl2.o(.text)
    __decompress1                            0x080009e1   Thumb Code    86  __dczerorl2.o(.text)
    SVC_Count                                0x08000a38   Data           4  svc_table.o(SVC_TABLE)
    AHRS_Update                              0x08000a3d   Thumb Code    50  mpu6050.o(i.AHRS_Update)
    SVC_Table                                0x08000a3c   Data           0  svc_table.o(SVC_TABLE)
    AcczWithoutG_Get                         0x08000a81   Thumb Code   170  mpu6050.o(i.AcczWithoutG_Get)
    BusFault_Handler                         0x08000b35   Thumb Code     4  stm32f4xx_it.o(i.BusFault_Handler)
    DMA1_Stream3_IRQHandler                  0x08000b7d   Thumb Code    28  usartframe_stm32.o(i.DMA1_Stream3_IRQHandler)
    DMA1_Stream5_IRQHandler                  0x08000ba5   Thumb Code    38  bsp_dr16.o(i.DMA1_Stream5_IRQHandler)
    DMA2_Stream7_IRQHandler                  0x08000bdd   Thumb Code    28  bsp_usart.o(i.DMA2_Stream7_IRQHandler)
    DMA_ClearITPendingBit                    0x08000c05   Thumb Code    38  stm32f4xx_dma.o(i.DMA_ClearITPendingBit)
    DMA_Cmd                                  0x08000c39   Thumb Code    22  stm32f4xx_dma.o(i.DMA_Cmd)
    DMA_DeInit                               0x08000c51   Thumb Code   324  stm32f4xx_dma.o(i.DMA_DeInit)
    DMA_GetCmdStatus                         0x08000da9   Thumb Code    20  stm32f4xx_dma.o(i.DMA_GetCmdStatus)
    DMA_GetITStatus                          0x08000dbd   Thumb Code    82  stm32f4xx_dma.o(i.DMA_GetITStatus)
    DMA_ITConfig                             0x08000e21   Thumb Code    58  stm32f4xx_dma.o(i.DMA_ITConfig)
    DMA_Init                                 0x08000e5d   Thumb Code    82  stm32f4xx_dma.o(i.DMA_Init)
    DMA_MemoryTargetConfig                   0x08000eb5   Thumb Code    10  stm32f4xx_dma.o(i.DMA_MemoryTargetConfig)
    DMA_SetCurrDataCounter                   0x08000ebf   Thumb Code     4  stm32f4xx_dma.o(i.DMA_SetCurrDataCounter)
    DR16_mailbox_init                        0x08000ec5   Thumb Code    14  bsp_dr16.o(i.DR16_mailbox_init)
    DR16_receive                             0x08000edd   Thumb Code    22  bsp_dr16.o(i.DR16_receive)
    DebugMon_Handler                         0x08000efd   Thumb Code     2  stm32f4xx_it.o(i.DebugMon_Handler)
    GPIO_Init                                0x08000eff   Thumb Code   144  stm32f4xx_gpio.o(i.GPIO_Init)
    GPIO_PinAFConfig                         0x08000f8f   Thumb Code    70  stm32f4xx_gpio.o(i.GPIO_PinAFConfig)
    HardFault_Handler                        0x08000fd5   Thumb Code    38  stm32f4xx_it.o(i.HardFault_Handler)
    IIC_Ack                                  0x0800102d   Thumb Code    64  myiic.o(i.IIC_Ack)
    IIC_Init                                 0x08001079   Thumb Code    62  myiic.o(i.IIC_Init)
    IIC_NAck                                 0x080010c5   Thumb Code    62  myiic.o(i.IIC_NAck)
    IIC_Read_Byte                            0x08001111   Thumb Code    94  myiic.o(i.IIC_Read_Byte)
    IIC_Send_Byte                            0x0800117d   Thumb Code    88  myiic.o(i.IIC_Send_Byte)
    IIC_Start                                0x080011e1   Thumb Code    62  myiic.o(i.IIC_Start)
    IIC_Stop                                 0x0800122d   Thumb Code    60  myiic.o(i.IIC_Stop)
    IIC_Wait_Ack                             0x08001275   Thumb Code    82  myiic.o(i.IIC_Wait_Ack)
    Imu_data_Prepare                         0x080012d5   Thumb Code    24  mpu6050.o(i.Imu_data_Prepare)
    InitHardTIM                              0x080012fd   Thumb Code    50  bsp_hardtimer.o(i.InitHardTIM)
    Initial_System_Timer                     0x080013cd   Thumb Code    50  systemtimer.o(i.Initial_System_Timer)
    Invsqrt                                  0x08001405   Thumb Code    56  mpu6050.o(i.Invsqrt)
    MPU6050_Data_Check_                      0x08001441   Thumb Code   194  mpu6050.o(i.MPU6050_Data_Check_)
    MPU6050_Data_Exchage                     0x08001511   Thumb Code    50  mpu6050.o(i.MPU6050_Data_Exchage)
    MPU6050_Data_Read_Analys                 0x08001545   Thumb Code   406  mpu6050.o(i.MPU6050_Data_Read_Analys)
    MPU6050_Read_To_Calculate                0x08001711   Thumb Code   156  mpu6050.o(i.MPU6050_Read_To_Calculate)
    MPU6050_Read_To_Use_                     0x080017ad   Thumb Code   206  mpu6050.o(i.MPU6050_Read_To_Use_)
    MPU_Init                                 0x0800187b   Thumb Code   126  mpu6050.o(i.MPU_Init)
    MPU_Read_Byte                            0x080018f9   Thumb Code    58  mpu6050.o(i.MPU_Read_Byte)
    MPU_Read_Len                             0x08001933   Thumb Code   116  mpu6050.o(i.MPU_Read_Len)
    MPU_Set_Accel_Fsr                        0x080019a7   Thumb Code    16  mpu6050.o(i.MPU_Set_Accel_Fsr)
    MPU_Set_Gyro_Fsr                         0x080019b7   Thumb Code    16  mpu6050.o(i.MPU_Set_Gyro_Fsr)
    MPU_Set_LPF                              0x080019c7   Thumb Code    58  mpu6050.o(i.MPU_Set_LPF)
    MPU_Set_Rate                             0x08001a01   Thumb Code    58  mpu6050.o(i.MPU_Set_Rate)
    MPU_Write_Byte                           0x08001a3b   Thumb Code    68  mpu6050.o(i.MPU_Write_Byte)
    MemManage_Handler                        0x08001a7f   Thumb Code     4  stm32f4xx_it.o(i.MemManage_Handler)
    Motor_PwmValSet                          0x08001a85   Thumb Code   382  motor.o(i.Motor_PwmValSet)
    Motor_PwrAdd                             0x08001c11   Thumb Code   154  motor.o(i.Motor_PwrAdd)
    Motor_PwrAdd_Control                     0x08001cb1   Thumb Code    28  motor.o(i.Motor_PwrAdd_Control)
    NMI_Handler                              0x08001cd5   Thumb Code     2  stm32f4xx_it.o(i.NMI_Handler)
    NVIC_Init                                0x08001cd9   Thumb Code   106  misc.o(i.NVIC_Init)
    PWM_Init                                 0x08001d51   Thumb Code    26  bsp.o(i.PWM_Init)
    RCC_AHB1PeriphClockCmd                   0x08001d71   Thumb Code    26  stm32f4xx_rcc.o(i.RCC_AHB1PeriphClockCmd)
    RCC_APB1PeriphClockCmd                   0x08001d91   Thumb Code    26  stm32f4xx_rcc.o(i.RCC_APB1PeriphClockCmd)
    RCC_APB1PeriphResetCmd                   0x08001db1   Thumb Code    26  stm32f4xx_rcc.o(i.RCC_APB1PeriphResetCmd)
    RCC_APB2PeriphClockCmd                   0x08001dd1   Thumb Code    26  stm32f4xx_rcc.o(i.RCC_APB2PeriphClockCmd)
    RCC_APB2PeriphResetCmd                   0x08001df1   Thumb Code    26  stm32f4xx_rcc.o(i.RCC_APB2PeriphResetCmd)
    RCC_GetClocksFreq                        0x08001e11   Thumb Code   214  stm32f4xx_rcc.o(i.RCC_GetClocksFreq)
    RunTime1                                 0x08001ef9   Thumb Code    66  systemtimer.o(i.RunTime1)
    RunTime2                                 0x08001f49   Thumb Code    66  systemtimer.o(i.RunTime2)
    SystemInit                               0x08002085   Thumb Code    88  system_stm32f4xx.o(i.SystemInit)
    TIM1_UP_TIM10_IRQHandler                 0x080020ed   Thumb Code    30  bsp_hardtimer.o(i.TIM1_UP_TIM10_IRQHandler)
    TIM2_PWM_Configuration                   0x08002115   Thumb Code   264  pwm.o(i.TIM2_PWM_Configuration)
    TIM3_IRQHandler                          0x08002225   Thumb Code   252  bsp_hardtimer.o(i.TIM3_IRQHandler)
    TIM3_PWM_Configuration                   0x08002329   Thumb Code   248  pwm.o(i.TIM3_PWM_Configuration)
    TIMVarInit                               0x0800242d   Thumb Code    48  bsp_hardtimer.o(i.TIMVarInit)
    TIM_ARRPreloadConfig                     0x08002461   Thumb Code    24  stm32f4xx_tim.o(i.TIM_ARRPreloadConfig)
    TIM_ClearITPendingBit                    0x08002479   Thumb Code     6  stm32f4xx_tim.o(i.TIM_ClearITPendingBit)
    TIM_Cmd                                  0x0800247f   Thumb Code    24  stm32f4xx_tim.o(i.TIM_Cmd)
    TIM_GetCounter                           0x08002497   Thumb Code     6  stm32f4xx_tim.o(i.TIM_GetCounter)
    TIM_GetITStatus                          0x0800249d   Thumb Code    34  stm32f4xx_tim.o(i.TIM_GetITStatus)
    TIM_ITConfig                             0x080024bf   Thumb Code    18  stm32f4xx_tim.o(i.TIM_ITConfig)
    TIM_OC1Init                              0x080024d1   Thumb Code   114  stm32f4xx_tim.o(i.TIM_OC1Init)
    TIM_OC1PreloadConfig                     0x0800254d   Thumb Code    18  stm32f4xx_tim.o(i.TIM_OC1PreloadConfig)
    TIM_OC2Init                              0x08002561   Thumb Code   154  stm32f4xx_tim.o(i.TIM_OC2Init)
    TIM_OC2PreloadConfig                     0x08002605   Thumb Code    26  stm32f4xx_tim.o(i.TIM_OC2PreloadConfig)
    TIM_OC3Init                              0x08002621   Thumb Code   150  stm32f4xx_tim.o(i.TIM_OC3Init)
    TIM_OC3PreloadConfig                     0x080026c1   Thumb Code    18  stm32f4xx_tim.o(i.TIM_OC3PreloadConfig)
    TIM_OC4Init                              0x080026d5   Thumb Code   112  stm32f4xx_tim.o(i.TIM_OC4Init)
    TIM_OC4PreloadConfig                     0x0800274d   Thumb Code    26  stm32f4xx_tim.o(i.TIM_OC4PreloadConfig)
    TIM_SetCompare1                          0x08002767   Thumb Code     4  stm32f4xx_tim.o(i.TIM_SetCompare1)
    TIM_SetCompare2                          0x0800276b   Thumb Code     4  stm32f4xx_tim.o(i.TIM_SetCompare2)
    TIM_SetCompare3                          0x0800276f   Thumb Code     4  stm32f4xx_tim.o(i.TIM_SetCompare3)
    TIM_SetCompare4                          0x08002773   Thumb Code     4  stm32f4xx_tim.o(i.TIM_SetCompare4)
    TIM_TimeBaseInit                         0x08002779   Thumb Code   104  stm32f4xx_tim.o(i.TIM_TimeBaseInit)
    USART1_DMA_Send                          0x080027fd   Thumb Code    66  bsp_usart.o(i.USART1_DMA_Send)
    USART1_IRQHandler                        0x08002849   Thumb Code    74  bsp_usart.o(i.USART1_IRQHandler)
    USART3_IRQHandler                        0x080028a1   Thumb Code    70  usartframe_stm32.o(i.USART3_IRQHandler)
    USART_Cmd                                0x080028f1   Thumb Code    24  stm32f4xx_usart.o(i.USART_Cmd)
    USART_DMACmd                             0x08002909   Thumb Code    18  stm32f4xx_usart.o(i.USART_DMACmd)
    USART_DeInit                             0x0800291d   Thumb Code   206  stm32f4xx_usart.o(i.USART_DeInit)
    USART_GetFlagStatus                      0x08002a0d   Thumb Code    26  stm32f4xx_usart.o(i.USART_GetFlagStatus)
    USART_GetITStatus                        0x08002a27   Thumb Code    84  stm32f4xx_usart.o(i.USART_GetITStatus)
    USART_ITConfig                           0x08002a7b   Thumb Code    74  stm32f4xx_usart.o(i.USART_ITConfig)
    USART_Init                               0x08002ac5   Thumb Code   204  stm32f4xx_usart.o(i.USART_Init)
    USART_SendData                           0x08002b99   Thumb Code     8  stm32f4xx_usart.o(i.USART_SendData)
    UsageFault_Handler                       0x08002ba1   Thumb Code     4  stm32f4xx_it.o(i.UsageFault_Handler)
    UsartDMA_Init                            0x08002ba5   Thumb Code   260  bsp_usart.o(i.UsartDMA_Init)
    UsartFrame_Init                          0x08002cb5   Thumb Code   436  usartframe_stm32.o(i.UsartFrame_Init)
    UsasrFrameInit                           0x08002e81   Thumb Code    12  usartframe_stm32.o(i.UsasrFrameInit)
    SetRollpid(float, float, float)          0x08002e8d   Thumb Code    96  debugtoolsconfig.o(i._Z10SetRollpidfff)
    PID_InitYAW(PID*, float, float, float)   0x08002f05   Thumb Code    62  cpid.o(i._Z11PID_InitYAWP3PIDfff)
    Rcdata_Init(RC*)                         0x08002f49   Thumb Code    46  cpid.o(i._Z11Rcdata_InitP2RC)
    Rollpid_GET(float)                       0x08002f7d   Thumb Code   108  debugtoolsconfig.o(i._Z11Rollpid_GETf)
    SetPitchPid(float, float, float)         0x08003001   Thumb Code    96  debugtoolsconfig.o(i._Z11SetPitchPidfff)
    PID_InitROLL(PID*, float, float, float)  0x0800308d   Thumb Code    62  cpid.o(i._Z12PID_InitROLLP3PIDfff)
    PitchPid_GET(float)                      0x080030d5   Thumb Code   108  debugtoolsconfig.o(i._Z12PitchPid_GETf)
    Boot_Sequence()                          0x08003245   Thumb Code    54  main.o(i._Z13Boot_Sequencev)
    DR16_DATA_Rec()                          0x08003291   Thumb Code    32  main.o(i._Z13DR16_DATA_Recv)
    PID_InitPITCH(PID*, float, float, float) 0x080032b5   Thumb Code    62  cpid.o(i._Z13PID_InitPITCHP3PIDfff)
    SetGyroyawpid(float, float)              0x080032fd   Thumb Code    72  debugtoolsconfig.o(i._Z13SetGyroyawpidff)
    SetGyrorollpid(float, float)             0x0800335d   Thumb Code    72  debugtoolsconfig.o(i._Z14SetGyrorollpidff)
    DisconnectCheck()                        0x080033bd   Thumb Code    96  main.o(i._Z15DisconnectCheckv)
    Imu_data_Aguest()                        0x08003441   Thumb Code    24  main.o(i._Z15Imu_data_Aguestv)
    PID_InitYAW_VEL(PID*, float, float, float) 0x08003461   Thumb Code    62  cpid.o(i._Z15PID_InitYAW_VELP3PIDfff)
    PitchYaw_Aguest()                        0x080034a5   Thumb Code    64  main.o(i._Z15PitchYaw_Aguestv)
    SetGyropitchpid(float, float)            0x080034ed   Thumb Code    72  debugtoolsconfig.o(i._Z15SetGyropitchpidff)
    ControlTask_Init()                       0x0800354d   Thumb Code   124  cpid.o(i._Z16ControlTask_Initv)
    PID_InitROLL_VEL(PID*, float, float, float) 0x080035f1   Thumb Code    62  cpid.o(i._Z16PID_InitROLL_VELP3PIDfff)
    PID_InitPITCH_VEL(PID*, float, float, float) 0x08003635   Thumb Code    62  cpid.o(i._Z17PID_InitPITCH_VELP3PIDfff)
    AHRS_Update_Aguest()                     0x08003679   Thumb Code    50  main.o(i._Z18AHRS_Update_Aguestv)
    Target_parameter_init(TARGET*)           0x080036b5   Thumb Code    50  cpid.o(i._Z21Target_parameter_initP6TARGET)
    Pidcontrol_Altitude_VEL(TARGET*, EULLA*, Data_To_Imu*, float*, float) 0x080036ed   Thumb Code   700  cpid.o(i._Z23Pidcontrol_Altitude_VELP6TARGETP5EULLAP11Data_To_ImuPff)
    tips()                                   0x080039b5   Thumb Code    42  debugtoolsconfig.o(i._Z4tipsv)
    SetPWM(float, float)                     0x080039ed   Thumb Code   138  debugtoolsconfig.o(i._Z6SetPWMff)
    PWM_Task()                               0x08003a81   Thumb Code    36  main.o(i._Z8PWM_Taskv)
    SetYawpid(float, float, float)           0x08003aa9   Thumb Code    96  debugtoolsconfig.o(i._Z9SetYawpidfff)
    TaskStart()                              0x08003b21   Thumb Code    20  main.o(i._Z9TaskStartv)
    PIDBase::PIDBase(float, float, float, float, float, float, float, float, float, float, float, float, float) 0x08003b39   Thumb Code    70  cpid.o(i._ZN7PIDBaseC1Efffffffffffff)
    PIDBase::PIDBase__sub_object(float, float, float, float, float, float, float, float, float, float, float, float, float) 0x08003b39   Thumb Code     0  cpid.o(i._ZN7PIDBaseC1Efffffffffffff)
    FUZZYPID::FUZZYPID(float, float, float, float, float, float, float, float, float, float, float, float, float, float, float, float, float, float, float, float, float, float, float, float, float) 0x08003b85   Thumb Code   226  cpid.o(i._ZN8FUZZYPIDC1Efffffffffffffffffffffffff)
    FUZZYPID::FUZZYPID__sub_object(float, float, float, float, float, float, float, float, float, float, float, float, float, float, float, float, float, float, float, float, float, float, float, float, float) 0x08003b85   Thumb Code     0  cpid.o(i._ZN8FUZZYPIDC1Efffffffffffffffffffffffff)
    FUZZYSPID::FUZZYSPID(float, float, float, float, float, float, float, float, float, float, float, float, float, float, float, float, float, float, float, float, float, float, float, float, float) 0x08003c6d   Thumb Code   230  main.o(i._ZN9FUZZYSPIDC1Efffffffffffffffffffffffff)
    FUZZYSPID::FUZZYSPID__sub_object(float, float, float, float, float, float, float, float, float, float, float, float, float, float, float, float, float, float, float, float, float, float, float, float, float) 0x08003c6d   Thumb Code     0  main.o(i._ZN9FUZZYSPIDC1Efffffffffffffffffffffffff)
    __0printf$8                              0x08003d55   Thumb Code    22  printf8.o(i.__0printf$8)
    __1printf$8                              0x08003d55   Thumb Code     0  printf8.o(i.__0printf$8)
    __2printf                                0x08003d55   Thumb Code     0  printf8.o(i.__0printf$8)
    __0vsprintf                              0x08003d75   Thumb Code    30  printfa.o(i.__0vsprintf)
    __1vsprintf                              0x08003d75   Thumb Code     0  printfa.o(i.__0vsprintf)
    __2vsprintf                              0x08003d75   Thumb Code     0  printfa.o(i.__0vsprintf)
    __c89vsprintf                            0x08003d75   Thumb Code     0  printfa.o(i.__0vsprintf)
    vsprintf                                 0x08003d75   Thumb Code     0  printfa.o(i.__0vsprintf)
    __ARM_fpclassify                         0x08003d99   Thumb Code    48  fpclassify.o(i.__ARM_fpclassify)
    __ARM_fpclassifyf                        0x08003dc9   Thumb Code    38  fpclassifyf.o(i.__ARM_fpclassifyf)
    __hardfp_acosf                           0x08003df1   Thumb Code   234  acosf.o(i.__hardfp_acosf)
    __hardfp_atan                            0x08003f09   Thumb Code   622  atan.o(i.__hardfp_atan)
    __hardfp_atan2                           0x080041e1   Thumb Code   432  atan2.o(i.__hardfp_atan2)
    __hardfp_sinf                            0x080043d1   Thumb Code   344  sinf.o(i.__hardfp_sinf)
    __kernel_poly                            0x08004561   Thumb Code   248  poly.o(i.__kernel_poly)
    __mathlib_dbl_infnan                     0x08004659   Thumb Code    20  dunder.o(i.__mathlib_dbl_infnan)
    __mathlib_dbl_infnan2                    0x0800466d   Thumb Code    20  dunder.o(i.__mathlib_dbl_infnan2)
    __mathlib_dbl_underflow                  0x08004681   Thumb Code    24  dunder.o(i.__mathlib_dbl_underflow)
    __mathlib_flt_infnan                     0x080046a1   Thumb Code     6  funder.o(i.__mathlib_flt_infnan)
    __mathlib_flt_invalid                    0x080046a9   Thumb Code    10  funder.o(i.__mathlib_flt_invalid)
    __mathlib_flt_underflow                  0x080046b9   Thumb Code    10  funder.o(i.__mathlib_flt_underflow)
    __mathlib_rredf2                         0x080046c9   Thumb Code   316  rredf.o(i.__mathlib_rredf2)
    __scatterload_copy                       0x0800481d   Thumb Code    14  handlers.o(i.__scatterload_copy)
    __scatterload_null                       0x0800482b   Thumb Code     2  handlers.o(i.__scatterload_null)
    __scatterload_zeroinit                   0x0800482d   Thumb Code    14  handlers.o(i.__scatterload_zeroinit)
    __set_errno                              0x0800483d   Thumb Code     6  errno.o(i.__set_errno)
    _init_box                                0x08004c81   Thumb Code    88  rt_membox.o(i._init_box)
    atan                                     0x08005873   Thumb Code    16  atan.o(i.atan)
    bsp_Init                                 0x08005885   Thumb Code    62  bsp.o(i.bsp_Init)
    bsp_InitHardTimer                        0x080058dd   Thumb Code    16  bsp_hardtimer.o(i.bsp_InitHardTimer)
    bsp_InitLed                              0x080058ed   Thumb Code    92  bsp_led.o(i.bsp_InitLed)
    bsp_InitUart                             0x08005951   Thumb Code    16  bsp_usart.o(i.bsp_InitUart)
    bsp_LedOff                               0x08005961   Thumb Code    60  bsp_led.o(i.bsp_LedOff)
    bsp_LedOn                                0x080059bd   Thumb Code    60  bsp_led.o(i.bsp_LedOn)
    bsp_RC_Init                              0x08005a19   Thumb Code   256  bsp_dr16.o(i.bsp_RC_Init)
    controlnormalmode_update                 0x08005b31   Thumb Code    60  motor.o(i.controlnormalmode_update)
    delay_ms_nos                             0x08005b8d   Thumb Code    28  systemtimer.o(i.delay_ms_nos)
    delay_us_nos                             0x08005bad   Thumb Code    18  systemtimer.o(i.delay_us_nos)
    fabs                                     0x08005bc5   Thumb Code    24  fabs.o(i.fabs)
    fputc                                    0x08005bdd   Thumb Code    32  bsp_usart.o(i.fputc)
    function                                 0x08005c01   Thumb Code   212  debugtools.o(i.function)
    getnum                                   0x08005cd9   Thumb Code    78  debugtools.o(i.getnum)
    imu_update                               0x08005d29   Thumb Code  1484  mpu6050.o(i.imu_update)
    isr_mbx_send                             0x08006305   Thumb Code    22  rt_mailbox.o(i.isr_mbx_send)
    main                                     0x0800631d   Thumb Code    28  main.o(i.main)
    mypow                                    0x08006349   Thumb Code    22  debugtools.o(i.mypow)
    mystrcmp                                 0x0800635f   Thumb Code    34  debugtools.o(i.mystrcmp)
    os_dr16                                  0x08006381   Thumb Code   102  os_dr16.o(i.os_dr16)
    os_error                                 0x080063fd   Thumb Code     4  rtx_conf_cm.o(i.os_error)
    os_idle_demon                            0x08006401   Thumb Code     4  rtx_conf_cm.o(i.os_idle_demon)
    os_tick_init                             0x08006405   Thumb Code    38  rt_system.o(i.os_tick_init)
    os_tick_irqack                           0x08006435   Thumb Code     2  rt_system.o(i.os_tick_irqack)
    os_tmr_call                              0x08006439   Thumb Code    34  rtx_conf_cm.o(i.os_tmr_call)
    rt_alloc_box                             0x08006469   Thumb Code    30  rt_membox.o(i.rt_alloc_box)
    rt_block                                 0x08006489   Thumb Code    48  rt_task.o(i.rt_block)
    rt_chk_robin                             0x080064c1   Thumb Code     2  rtx_conf_cm.o(i.rt_chk_robin)
    rt_dec_dly                               0x080064c5   Thumb Code   134  rt_list.o(i.rt_dec_dly)
    rt_dispatch                              0x08006559   Thumb Code    72  rt_task.o(i.rt_dispatch)
    rt_dly_wait                              0x080065a9   Thumb Code    14  rt_time.o(i.rt_dly_wait)
    rt_evt_psh                               0x080065b9   Thumb Code    84  rt_event.o(i.rt_evt_psh)
    rt_free_box                              0x08006611   Thumb Code    36  rt_membox.o(i.rt_free_box)
    rt_get_first                             0x0800665d   Thumb Code    50  rt_list.o(i.rt_get_first)
    rt_init_robin                            0x080066dd   Thumb Code     2  rtx_conf_cm.o(i.rt_init_robin)
    rt_init_stack                            0x080066e1   Thumb Code    76  hal_cm4.o(i.rt_init_stack)
    rt_itv_set                               0x08006735   Thumb Code    20  rt_time.o(i.rt_itv_set)
    rt_mbx_check                             0x08006751   Thumb Code    12  rt_mailbox.o(i.rt_mbx_check)
    rt_mbx_init                              0x0800675d   Thumb Code    32  rt_mailbox.o(i.rt_mbx_init)
    rt_mbx_psh                               0x0800677d   Thumb Code   212  rt_mailbox.o(i.rt_mbx_psh)
    rt_mbx_wait                              0x08006855   Thumb Code   216  rt_mailbox.o(i.rt_mbx_wait)
    rt_pop_req                               0x08006931   Thumb Code   154  rt_system.o(i.rt_pop_req)
    rt_psh_req                               0x080069d9   Thumb Code    24  rt_system.o(i.rt_psh_req)
    rt_psq_enq                               0x080069fd   Thumb Code   120  rt_list.o(i.rt_psq_enq)
    rt_put_dly                               0x08006a79   Thumb Code    88  rt_list.o(i.rt_put_dly)
    rt_put_prio                              0x08006ad5   Thumb Code    64  rt_list.o(i.rt_put_prio)
    rt_put_rdy_first                         0x08006b15   Thumb Code    16  rt_list.o(i.rt_put_rdy_first)
    rt_rmv_dly                               0x08006b29   Thumb Code    40  rt_list.o(i.rt_rmv_dly)
    rt_rmv_list                              0x08006b51   Thumb Code    48  rt_list.o(i.rt_rmv_list)
    rt_sem_psh                               0x08006b85   Thumb Code    50  rt_semaphore.o(i.rt_sem_psh)
    rt_stk_check                             0x08006bbd   Thumb Code    40  rt_system.o(i.rt_stk_check)
    rt_switch_req                            0x08006bed   Thumb Code    10  rt_task.o(i.rt_switch_req)
    rt_sys_init                              0x08006bfd   Thumb Code   314  rt_task.o(i.rt_sys_init)
    rt_systick                               0x08006d81   Thumb Code    56  rt_system.o(i.rt_systick)
    rt_tmr_tick                              0x08006dc5   Thumb Code    66  rt_timer.o(i.rt_tmr_tick)
    rt_tsk_create                            0x08006e11   Thumb Code    92  rt_task.o(i.rt_tsk_create)
    rt_tsk_delete                            0x08006e79   Thumb Code   358  rt_task.o(i.rt_tsk_delete)
    run                                      0x08006ff9   Thumb Code   622  debugtools.o(i.run)
    sqrtf                                    0x0800726d   Thumb Code    62  sqrtf_full.o(i.sqrtf)
    str2num                                  0x080072ad   Thumb Code   344  debugtools.o(i.str2num)
    u1_printf                                0x08007409   Thumb Code    44  bsp_usart.o(i.u1_printf)
    os_maxtaskrun                            0x08007438   Data           2  rtx_conf_cm.o(.constdata)
    os_stackinfo                             0x0800743c   Data           4  rtx_conf_cm.o(.constdata)
    os_rrobin                                0x08007440   Data           4  rtx_conf_cm.o(.constdata)
    os_trv                                   0x08007444   Data           4  rtx_conf_cm.o(.constdata)
    os_flags                                 0x08007448   Data           1  rtx_conf_cm.o(.constdata)
    os_clockrate                             0x0800744c   Data           4  rtx_conf_cm.o(.constdata)
    os_timernum                              0x08007450   Data           4  rtx_conf_cm.o(.constdata)
    mp_tcb_size                              0x08007454   Data           2  rtx_conf_cm.o(.constdata)
    mp_stk_size                              0x08007458   Data           4  rtx_conf_cm.o(.constdata)
    os_fifo_size                             0x0800745c   Data           1  rtx_conf_cm.o(.constdata)
    mp_tmr_size                              0x0800745e   Data           2  rtx_conf_cm.o(.constdata)
    RL_RTX_Version                           0x08007460   Data           4  rt_system.o(.constdata)
    __mathlib_zero                           0x08007500   Data           8  qnan.o(.constdata)
    Region$$Table$$Base                      0x08007700   Number         0  anon$$obj.o(Region$$Table)
    Region$$Table$$Limit                     0x08007720   Number         0  anon$$obj.o(Region$$Table)
    SHT$$INIT_ARRAY$$Base                    0x08007720   Number         0  main.o(.init_array)
    SHT$$INIT_ARRAY$$Limit                   0x08007724   Number         0  cpp_init.o(.init_array)
    TIMEALL                                  0x20000000   Data           8  main.o(.data)
    DUOJI_OPEN                               0x20000008   Data           2  main.o(.data)
    DUOJI_CLOSE                              0x2000000a   Data           2  main.o(.data)
    HandleDEBUG_DATA                         0x2000000c   Data           4  main.o(.data)
    HandleDR16_DATA_Rec                      0x20000010   Data           4  main.o(.data)
    HandleDisconnectCheck                    0x20000014   Data           4  main.o(.data)
    HandlePitchYaw_Aguest                    0x20000018   Data           4  main.o(.data)
    HandleAHRS_Update_Aguest                 0x2000001c   Data           4  main.o(.data)
    HandleImu_data_Aguest                    0x20000020   Data           4  main.o(.data)
    HandlePWM_Task                           0x20000024   Data           4  main.o(.data)
    HandleBoot_Sequence                      0x20000028   Data           4  main.o(.data)
    HandleDR16_SxValue                       0x2000002c   Data           4  main.o(.data)
    timer200msflag                           0x20000030   Data           1  main.o(.data)
    positionreachflag                        0x20000031   Data           1  main.o(.data)
    shootonce                                0x20000032   Data           1  main.o(.data)
    shootcons                                0x20000033   Data           1  main.o(.data)
    tmee                                     0x20000034   Data           4  main.o(.data)
    tmeee                                    0x20000038   Data           4  main.o(.data)
    PIDBegin_DR16                            0x2000003c   Data           1  main.o(.data)
    PIDBegin_CAN                             0x2000003d   Data           1  main.o(.data)
    CAN2_YawAngle                            0x2000003e   Data           1  main.o(.data)
    CAN2_PitchMotor                          0x2000003f   Data           1  main.o(.data)
    CAN2_YawMotor                            0x20000040   Data           1  main.o(.data)
    ExtiFlag                                 0x20000041   Data           1  main.o(.data)
    realshoot                                0x20000044   Data           8  main.o(.data)
    B_freq                                   0x2000004c   Data           2  main.o(.data)
    B_speed                                  0x2000004e   Data           2  main.o(.data)
    BackupMode                               0x20000050   Data           1  main.o(.data)
    tmr2                                     0x20000054   Data           4  main.o(.data)
    m_tmr                                    0x20000058   Data           4  rtx_conf_cm.o(.data)
    os_tick_irqn                             0x20000074   Data           4  rt_system.o(.data)
    os_tsk                                   0x2000007c   Data           8  rt_task.o(.data)
    os_time                                  0x20000084   Data           4  rt_time.o(.data)
    os_tmr                                   0x20000088   Data           8  rt_timer.o(.data)
    MotorOut                                 0x20000090   Data          24  motor.o(.data)
    nametab                                  0x200000b8   Data         120  debugtoolsconfig.o(.data)
    dev                                      0x20000130   Data          88  debugtoolsconfig.o(.data)
    RC_control                               0x20000188   Data           4  os_dr16.o(.data)
    addout                                   0x2000018c   Data           4  os_dr16.o(.data)
    pwm_flag                                 0x20000190   Data           4  os_dr16.o(.data)
    TxFlag                                   0x20000194   Data           1  usartframe_stm32.o(.data)
    CVValue                                  0x20000198   Data           4  usartframe_stm32.o(.data)
    Sensor_Acc                               0x2000019c   Data           6  mpu6050.o(.data)
    Sensor_Gyro                              0x200001a2   Data           6  mpu6050.o(.data)
    Kp                                       0x200001a8   Data           4  mpu6050.o(.data)
    Ki                                       0x200001ac   Data           4  mpu6050.o(.data)
    q                                        0x200001bc   Data          16  mpu6050.o(.data)
    __stdout                                 0x200001d0   Data           4  stdout.o(.data)
    PitchPID                                 0x200001d8   Data         228  main.o(.bss)
    YawPID                                   0x200002bc   Data         228  main.o(.bss)
    CarFramePID                              0x200003a0   Data         164  main.o(.bss)
    TurnplatePID                             0x20000444   Data         292  main.o(.bss)
    mp_tcb                                   0x20001968   Data         348  rtx_conf_cm.o(.bss)
    mp_stk                                   0x20001ac8   Data         528  rtx_conf_cm.o(.bss)
    os_fifo                                  0x20001cd8   Data         132  rtx_conf_cm.o(.bss)
    os_active_TCB                            0x20001d5c   Data          24  rtx_conf_cm.o(.bss)
    mp_tmr                                   0x20001d74   Data          36  rtx_conf_cm.o(.bss)
    dr16_mailbox                             0x20001dd0   Data        4112  bsp_dr16.o(.bss)
    sbus_rx_buffer                           0x20002de0   Data          25  bsp_dr16.o(.bss)
    USART1_TX_BUF                            0x20003200   Data        2048  bsp_usart.o(.bss)
    os_rdy                                   0x20003a00   Data          24  rt_list.o(.bss)
    os_dly                                   0x20003a18   Data          24  rt_list.o(.bss)
    os_idle_TCB                              0x20003a30   Data          56  rt_task.o(.bss)
    ControlOut                               0x20003a68   Data          12  motor.o(.bss)
    Target                                   0x20003a74   Data          24  cpid.o(.bss)
    Rcdata                                   0x20003a8c   Data          24  cpid.o(.bss)
    Pitchpid                                 0x20003aa4   Data          36  cpid.o(.bss)
    Rollpid                                  0x20003ac8   Data          36  cpid.o(.bss)
    Yawpid                                   0x20003aec   Data          36  cpid.o(.bss)
    Gyropitchpid                             0x20003b10   Data          36  cpid.o(.bss)
    Gyrorollpid                              0x20003b34   Data          36  cpid.o(.bss)
    Gyroyawpid                               0x20003b58   Data          36  cpid.o(.bss)
    UsartFrame_mailbox                       0x20003b80   Data        4112  usartframe_stm32.o(.bss)
    USART3_TX_BUF                            0x20004b90   Data        1024  usartframe_stm32.o(.bss)
    frame_rx_buffer                          0x20004f90   Data          25  usartframe_stm32.o(.bss)
    CVAllValue                               0x20004faa   Data          12  usartframe_stm32.o(.bss)
    OffSet                                   0x20004fb8   Data          12  mpu6050.o(.bss)
    acc                                      0x20004fc4   Data          12  mpu6050.o(.bss)
    velocity                                 0x20004fd0   Data          12  mpu6050.o(.bss)
    ACC                                      0x20004fdc   Data          12  mpu6050.o(.bss)
    VELOCITY                                 0x20004fe8   Data          12  mpu6050.o(.bss)
    KalmanfilterAccx                         0x20004ff4   Data          28  mpu6050.o(.bss)
    KalmanfilterAccy                         0x20005010   Data          28  mpu6050.o(.bss)
    KalmanfilterAccz                         0x2000502c   Data          28  mpu6050.o(.bss)
    Eulla                                    0x20005048   Data          12  mpu6050.o(.bss)
    Inerialacc                               0x20005054   Data          12  mpu6050.o(.bss)
    __initial_sp                             0x200054d8   Data           0  startup_stm32f40_41xxx.o(STACK)



==============================================================================

Memory Map of the image

  Image Entry point : 0x08000189

  Load Region LR_IROM1 (Base: 0x08000000, Size: 0x000078fc, Max: 0x00100000, ABSOLUTE, COMPRESSED[0x000077bc])

    Execution Region ER_IROM1 (Base: 0x08000000, Size: 0x00007724, Max: 0x00100000, ABSOLUTE)

    Base Addr    Size         Type   Attr      Idx    E Section Name        Object

    0x08000000   0x00000188   Data   RO         1081    RESET               startup_stm32f40_41xxx.o
    0x08000188   0x00000000   Code   RO         5474  * .ARM.Collect$$$$00000000  mc_w.l(entry.o)
    0x08000188   0x00000004   Code   RO         5831    .ARM.Collect$$$$00000001  mc_w.l(entry2.o)
    0x0800018c   0x00000004   Code   RO         5834    .ARM.Collect$$$$00000004  mc_w.l(entry5.o)
    0x08000190   0x00000000   Code   RO         5836    .ARM.Collect$$$$00000008  mc_w.l(entry7b.o)
    0x08000190   0x00000004   Code   RO         5837    .ARM.Collect$$$$00000009  mc_w.l(entry8a.o)
    0x08000194   0x00000000   Code   RO         5838    .ARM.Collect$$$$0000000A  mc_w.l(entry8b.o)
    0x08000194   0x00000008   Code   RO         5839    .ARM.Collect$$$$0000000B  mc_w.l(entry9a.o)
    0x0800019c   0x00000000   Code   RO         5841    .ARM.Collect$$$$0000000D  mc_w.l(entry10a.o)
    0x0800019c   0x00000000   Code   RO         5843    .ARM.Collect$$$$0000000F  mc_w.l(entry11a.o)
    0x0800019c   0x00000004   Code   RO         5832    .ARM.Collect$$$$00002712  mc_w.l(entry2.o)
    0x080001a0   0x0000019c   Code   RO         3647    .emb_text           hal_cm4.o
    0x0800033c   0x00000024   Code   RO         1082    .text               startup_stm32f40_41xxx.o
    0x08000360   0x00000024   Code   RO         5481    .text               mc_w.l(memseta.o)
    0x08000384   0x0000000e   Code   RO         5483    .text               mc_w.l(strlen.o)
    0x08000392   0x00000002   PAD
    0x08000394   0x00000020   Code   RO         5751    .text               mc_w.l(cpp_init.o)
    0x080003b4   0x0000014e   Code   RO         5753    .text               mf_w.l(dadd.o)
    0x08000502   0x000000e4   Code   RO         5755    .text               mf_w.l(dmul.o)
    0x080005e6   0x000000de   Code   RO         5757    .text               mf_w.l(ddiv.o)
    0x080006c4   0x00000022   Code   RO         5759    .text               mf_w.l(dflti.o)
    0x080006e6   0x00000026   Code   RO         5761    .text               mf_w.l(f2d.o)
    0x0800070c   0x00000038   Code   RO         5763    .text               mf_w.l(d2f.o)
    0x08000744   0x0000002c   Code   RO         5846    .text               mc_w.l(uidiv.o)
    0x08000770   0x00000062   Code   RO         5848    .text               mc_w.l(uldiv.o)
    0x080007d2   0x0000001e   Code   RO         5850    .text               mc_w.l(llshl.o)
    0x080007f0   0x00000024   Code   RO         5852    .text               mc_w.l(llsshr.o)
    0x08000814   0x00000000   Code   RO         5861    .text               mc_w.l(iusefp.o)
    0x08000814   0x0000006e   Code   RO         5862    .text               mf_w.l(fepilogue.o)
    0x08000882   0x000000ba   Code   RO         5864    .text               mf_w.l(depilogue.o)
    0x0800093c   0x00000030   Code   RO         5868    .text               mf_w.l(dfixul.o)
    0x0800096c   0x00000030   Code   RO         5870    .text               mf_w.l(cdrcmple.o)
    0x0800099c   0x00000024   Code   RO         5876    .text               mc_w.l(init.o)
    0x080009c0   0x00000020   Code   RO         5878    .text               mc_w.l(llushr.o)
    0x080009e0   0x00000056   Code   RO         5888    .text               mc_w.l(__dczerorl2.o)
    0x08000a36   0x00000002   PAD
    0x08000a38   0x00000004   Code   RO         3688    SVC_TABLE           svc_table.o
    0x08000a3c   0x00000044   Code   RO         4735    i.AHRS_Update       mpu6050.o
    0x08000a80   0x000000b4   Code   RO         4736    i.AcczWithoutG_Get  mpu6050.o
    0x08000b34   0x00000004   Code   RO          689    i.BusFault_Handler  stm32f4xx_it.o
    0x08000b38   0x00000022   Code   RO          768    i.ConfigTIMNVIC     bsp_hardtimer.o
    0x08000b5a   0x00000020   Code   RO          989    i.ConfigUartNVIC    bsp_usart.o
    0x08000b7a   0x00000002   PAD
    0x08000b7c   0x00000028   Code   RO         4603    i.DMA1_Stream3_IRQHandler  usartframe_stm32.o
    0x08000ba4   0x00000038   Code   RO          890    i.DMA1_Stream5_IRQHandler  bsp_dr16.o
    0x08000bdc   0x00000028   Code   RO          990    i.DMA2_Stream7_IRQHandler  bsp_usart.o
    0x08000c04   0x00000034   Code   RO         1830    i.DMA_ClearITPendingBit  stm32f4xx_dma.o
    0x08000c38   0x00000016   Code   RO         1831    i.DMA_Cmd           stm32f4xx_dma.o
    0x08000c4e   0x00000002   PAD
    0x08000c50   0x00000158   Code   RO         1832    i.DMA_DeInit        stm32f4xx_dma.o
    0x08000da8   0x00000014   Code   RO         1836    i.DMA_GetCmdStatus  stm32f4xx_dma.o
    0x08000dbc   0x00000064   Code   RO         1841    i.DMA_GetITStatus   stm32f4xx_dma.o
    0x08000e20   0x0000003a   Code   RO         1842    i.DMA_ITConfig      stm32f4xx_dma.o
    0x08000e5a   0x00000002   PAD
    0x08000e5c   0x00000058   Code   RO         1843    i.DMA_Init          stm32f4xx_dma.o
    0x08000eb4   0x0000000a   Code   RO         1844    i.DMA_MemoryTargetConfig  stm32f4xx_dma.o
    0x08000ebe   0x00000004   Code   RO         1846    i.DMA_SetCurrDataCounter  stm32f4xx_dma.o
    0x08000ec2   0x00000002   PAD
    0x08000ec4   0x00000018   Code   RO          891    i.DR16_mailbox_init  bsp_dr16.o
    0x08000edc   0x00000020   Code   RO          892    i.DR16_receive      bsp_dr16.o
    0x08000efc   0x00000002   Code   RO          690    i.DebugMon_Handler  stm32f4xx_it.o
    0x08000efe   0x00000090   Code   RO         1536    i.GPIO_Init         stm32f4xx_gpio.o
    0x08000f8e   0x00000046   Code   RO         1537    i.GPIO_PinAFConfig  stm32f4xx_gpio.o
    0x08000fd4   0x00000058   Code   RO          691    i.HardFault_Handler  stm32f4xx_it.o
    0x0800102c   0x0000004c   Code   RO         4916    i.IIC_Ack           myiic.o
    0x08001078   0x0000004c   Code   RO         4917    i.IIC_Init          myiic.o
    0x080010c4   0x0000004c   Code   RO         4918    i.IIC_NAck          myiic.o
    0x08001110   0x0000006c   Code   RO         4919    i.IIC_Read_Byte     myiic.o
    0x0800117c   0x00000064   Code   RO         4920    i.IIC_Send_Byte     myiic.o
    0x080011e0   0x0000004c   Code   RO         4921    i.IIC_Start         myiic.o
    0x0800122c   0x00000048   Code   RO         4922    i.IIC_Stop          myiic.o
    0x08001274   0x00000060   Code   RO         4923    i.IIC_Wait_Ack      myiic.o
    0x080012d4   0x00000028   Code   RO         4737    i.Imu_data_Prepare  mpu6050.o
    0x080012fc   0x00000038   Code   RO          769    i.InitHardTIM       bsp_hardtimer.o
    0x08001334   0x00000098   Code   RO          991    i.InitHardUart      bsp_usart.o
    0x080013cc   0x00000038   Code   RO         3850    i.Initial_System_Timer  systemtimer.o
    0x08001404   0x0000003c   Code   RO         4738    i.Invsqrt           mpu6050.o
    0x08001440   0x000000d0   Code   RO         4739    i.MPU6050_Data_Check_  mpu6050.o
    0x08001510   0x00000032   Code   RO         4740    i.MPU6050_Data_Exchage  mpu6050.o
    0x08001542   0x00000002   PAD
    0x08001544   0x000001cc   Code   RO         4741    i.MPU6050_Data_Read_Analys  mpu6050.o
    0x08001710   0x0000009c   Code   RO         4743    i.MPU6050_Read_To_Calculate  mpu6050.o
    0x080017ac   0x000000ce   Code   RO         4744    i.MPU6050_Read_To_Use_  mpu6050.o
    0x0800187a   0x0000007e   Code   RO         4748    i.MPU_Init          mpu6050.o
    0x080018f8   0x0000003a   Code   RO         4749    i.MPU_Read_Byte     mpu6050.o
    0x08001932   0x00000074   Code   RO         4750    i.MPU_Read_Len      mpu6050.o
    0x080019a6   0x00000010   Code   RO         4751    i.MPU_Set_Accel_Fsr  mpu6050.o
    0x080019b6   0x00000010   Code   RO         4752    i.MPU_Set_Gyro_Fsr  mpu6050.o
    0x080019c6   0x0000003a   Code   RO         4753    i.MPU_Set_LPF       mpu6050.o
    0x08001a00   0x0000003a   Code   RO         4754    i.MPU_Set_Rate      mpu6050.o
    0x08001a3a   0x00000044   Code   RO         4755    i.MPU_Write_Byte    mpu6050.o
    0x08001a7e   0x00000004   Code   RO          692    i.MemManage_Handler  stm32f4xx_it.o
    0x08001a82   0x00000002   PAD
    0x08001a84   0x0000018c   Code   RO         3702    i.Motor_PwmValSet   motor.o
    0x08001c10   0x000000a0   Code   RO         3703    i.Motor_PwrAdd      motor.o
    0x08001cb0   0x00000024   Code   RO         3704    i.Motor_PwrAdd_Control  motor.o
    0x08001cd4   0x00000002   Code   RO          693    i.NMI_Handler       stm32f4xx_it.o
    0x08001cd6   0x00000002   PAD
    0x08001cd8   0x00000078   Code   RO         1487    i.NVIC_Init         misc.o
    0x08001d50   0x00000020   Code   RO          839    i.PWM_Init          bsp.o
    0x08001d70   0x00000020   Code   RO         1089    i.RCC_AHB1PeriphClockCmd  stm32f4xx_rcc.o
    0x08001d90   0x00000020   Code   RO         1098    i.RCC_APB1PeriphClockCmd  stm32f4xx_rcc.o
    0x08001db0   0x00000020   Code   RO         1100    i.RCC_APB1PeriphResetCmd  stm32f4xx_rcc.o
    0x08001dd0   0x00000020   Code   RO         1101    i.RCC_APB2PeriphClockCmd  stm32f4xx_rcc.o
    0x08001df0   0x00000020   Code   RO         1103    i.RCC_APB2PeriphResetCmd  stm32f4xx_rcc.o
    0x08001e10   0x000000e8   Code   RO         1110    i.RCC_GetClocksFreq  stm32f4xx_rcc.o
    0x08001ef8   0x00000050   Code   RO         3851    i.RunTime1          systemtimer.o
    0x08001f48   0x00000050   Code   RO         3852    i.RunTime2          systemtimer.o
    0x08001f98   0x000000ec   Code   RO         3072    i.SetSysClock       system_stm32f4xx.o
    0x08002084   0x00000068   Code   RO         3074    i.SystemInit        system_stm32f4xx.o
    0x080020ec   0x00000028   Code   RO          770    i.TIM1_UP_TIM10_IRQHandler  bsp_hardtimer.o
    0x08002114   0x00000110   Code   RO         4456    i.TIM2_PWM_Configuration  pwm.o
    0x08002224   0x00000104   Code   RO          772    i.TIM3_IRQHandler   bsp_hardtimer.o
    0x08002328   0x00000104   Code   RO         4457    i.TIM3_PWM_Configuration  pwm.o
    0x0800242c   0x00000034   Code   RO          773    i.TIMVarInit        bsp_hardtimer.o
    0x08002460   0x00000018   Code   RO         1965    i.TIM_ARRPreloadConfig  stm32f4xx_tim.o
    0x08002478   0x00000006   Code   RO         1972    i.TIM_ClearITPendingBit  stm32f4xx_tim.o
    0x0800247e   0x00000018   Code   RO         1977    i.TIM_Cmd           stm32f4xx_tim.o
    0x08002496   0x00000006   Code   RO         1996    i.TIM_GetCounter    stm32f4xx_tim.o
    0x0800249c   0x00000022   Code   RO         1998    i.TIM_GetITStatus   stm32f4xx_tim.o
    0x080024be   0x00000012   Code   RO         2002    i.TIM_ITConfig      stm32f4xx_tim.o
    0x080024d0   0x0000007c   Code   RO         2006    i.TIM_OC1Init       stm32f4xx_tim.o
    0x0800254c   0x00000012   Code   RO         2009    i.TIM_OC1PreloadConfig  stm32f4xx_tim.o
    0x0800255e   0x00000002   PAD
    0x08002560   0x000000a4   Code   RO         2011    i.TIM_OC2Init       stm32f4xx_tim.o
    0x08002604   0x0000001a   Code   RO         2014    i.TIM_OC2PreloadConfig  stm32f4xx_tim.o
    0x0800261e   0x00000002   PAD
    0x08002620   0x000000a0   Code   RO         2016    i.TIM_OC3Init       stm32f4xx_tim.o
    0x080026c0   0x00000012   Code   RO         2019    i.TIM_OC3PreloadConfig  stm32f4xx_tim.o
    0x080026d2   0x00000002   PAD
    0x080026d4   0x00000078   Code   RO         2021    i.TIM_OC4Init       stm32f4xx_tim.o
    0x0800274c   0x0000001a   Code   RO         2023    i.TIM_OC4PreloadConfig  stm32f4xx_tim.o
    0x08002766   0x00000004   Code   RO         2039    i.TIM_SetCompare1   stm32f4xx_tim.o
    0x0800276a   0x00000004   Code   RO         2040    i.TIM_SetCompare2   stm32f4xx_tim.o
    0x0800276e   0x00000004   Code   RO         2041    i.TIM_SetCompare3   stm32f4xx_tim.o
    0x08002772   0x00000004   Code   RO         2042    i.TIM_SetCompare4   stm32f4xx_tim.o
    0x08002776   0x00000002   PAD
    0x08002778   0x00000084   Code   RO         2049    i.TIM_TimeBaseInit  stm32f4xx_tim.o
    0x080027fc   0x0000004c   Code   RO          992    i.USART1_DMA_Send   bsp_usart.o
    0x08002848   0x00000058   Code   RO          993    i.USART1_IRQHandler  bsp_usart.o
    0x080028a0   0x00000050   Code   RO         4604    i.USART3_IRQHandler  usartframe_stm32.o
    0x080028f0   0x00000018   Code   RO         1641    i.USART_Cmd         stm32f4xx_usart.o
    0x08002908   0x00000012   Code   RO         1642    i.USART_DMACmd      stm32f4xx_usart.o
    0x0800291a   0x00000002   PAD
    0x0800291c   0x000000f0   Code   RO         1643    i.USART_DeInit      stm32f4xx_usart.o
    0x08002a0c   0x0000001a   Code   RO         1644    i.USART_GetFlagStatus  stm32f4xx_usart.o
    0x08002a26   0x00000054   Code   RO         1645    i.USART_GetITStatus  stm32f4xx_usart.o
    0x08002a7a   0x0000004a   Code   RO         1647    i.USART_ITConfig    stm32f4xx_usart.o
    0x08002ac4   0x000000d4   Code   RO         1648    i.USART_Init        stm32f4xx_usart.o
    0x08002b98   0x00000008   Code   RO         1658    i.USART_SendData    stm32f4xx_usart.o
    0x08002ba0   0x00000004   Code   RO          694    i.UsageFault_Handler  stm32f4xx_it.o
    0x08002ba4   0x00000110   Code   RO          995    i.UsartDMA_Init     bsp_usart.o
    0x08002cb4   0x000001cc   Code   RO         4606    i.UsartFrame_Init   usartframe_stm32.o
    0x08002e80   0x0000000c   Code   RO         4609    i.UsasrFrameInit    usartframe_stm32.o
    0x08002e8c   0x00000078   Code   RO         4270    i._Z10SetRollpidfff  debugtoolsconfig.o
    0x08002f04   0x00000044   Code   RO         3969    i._Z11PID_InitYAWP3PIDfff  cpid.o
    0x08002f48   0x00000034   Code   RO         3970    i._Z11Rcdata_InitP2RC  cpid.o
    0x08002f7c   0x00000084   Code   RO         4271    i._Z11Rollpid_GETf  debugtoolsconfig.o
    0x08003000   0x00000078   Code   RO         4272    i._Z11SetPitchPidfff  debugtoolsconfig.o
    0x08003078   0x00000014   Code   RO            4    i._Z12AppObjCreatev  main.o
    0x0800308c   0x00000048   Code   RO         3971    i._Z12PID_InitROLLP3PIDfff  cpid.o
    0x080030d4   0x00000084   Code   RO         4273    i._Z12PitchPid_GETf  debugtoolsconfig.o
    0x08003158   0x000000ec   Code   RO            5    i._Z13AppTaskCreatev  main.o
    0x08003244   0x0000004c   Code   RO            6    i._Z13Boot_Sequencev  main.o
    0x08003290   0x00000024   Code   RO            7    i._Z13DR16_DATA_Recv  main.o
    0x080032b4   0x00000048   Code   RO         3972    i._Z13PID_InitPITCHP3PIDfff  cpid.o
    0x080032fc   0x00000060   Code   RO         4274    i._Z13SetGyroyawpidff  debugtoolsconfig.o
    0x0800335c   0x00000060   Code   RO         4275    i._Z14SetGyrorollpidff  debugtoolsconfig.o
    0x080033bc   0x00000084   Code   RO            8    i._Z15DisconnectCheckv  main.o
    0x08003440   0x00000020   Code   RO            9    i._Z15Imu_data_Aguestv  main.o
    0x08003460   0x00000044   Code   RO         3973    i._Z15PID_InitYAW_VELP3PIDfff  cpid.o
    0x080034a4   0x00000048   Code   RO           10    i._Z15PitchYaw_Aguestv  main.o
    0x080034ec   0x00000060   Code   RO         4276    i._Z15SetGyropitchpidff  debugtoolsconfig.o
    0x0800354c   0x000000a4   Code   RO         3974    i._Z16ControlTask_Initv  cpid.o
    0x080035f0   0x00000044   Code   RO         3975    i._Z16PID_InitROLL_VELP3PIDfff  cpid.o
    0x08003634   0x00000044   Code   RO         3976    i._Z17PID_InitPITCH_VELP3PIDfff  cpid.o
    0x08003678   0x0000003c   Code   RO           11    i._Z18AHRS_Update_Aguestv  main.o
    0x080036b4   0x00000038   Code   RO         3977    i._Z21Target_parameter_initP6TARGET  cpid.o
    0x080036ec   0x000002c8   Code   RO         3978    i._Z23Pidcontrol_Altitude_VELP6TARGETP5EULLAP11Data_To_ImuPff  cpid.o
    0x080039b4   0x00000038   Code   RO         4277    i._Z4tipsv          debugtoolsconfig.o
    0x080039ec   0x00000094   Code   RO         4278    i._Z6SetPWMff       debugtoolsconfig.o
    0x08003a80   0x00000028   Code   RO           14    i._Z8PWM_Taskv      main.o
    0x08003aa8   0x00000078   Code   RO         4279    i._Z9SetYawpidfff   debugtoolsconfig.o
    0x08003b20   0x00000018   Code   RO           15    i._Z9TaskStartv     main.o
    0x08003b38   0x0000004c   Code   RO         3992    i._ZN7PIDBaseC1Efffffffffffff  cpid.o
    0x08003b84   0x000000e8   Code   RO         3995    i._ZN8FUZZYPIDC1Efffffffffffffffffffffffff  cpid.o
    0x08003c6c   0x000000e6   Code   RO          114    i._ZN9FUZZYSPIDC1Efffffffffffffffffffffffff  main.o
    0x08003d52   0x00000002   PAD
    0x08003d54   0x00000020   Code   RO         5694    i.__0printf$8       mc_w.l(printf8.o)
    0x08003d74   0x00000024   Code   RO         5726    i.__0vsprintf       mc_w.l(printfa.o)
    0x08003d98   0x00000030   Code   RO         5872    i.__ARM_fpclassify  m_wm.l(fpclassify.o)
    0x08003dc8   0x00000026   Code   RO         5799    i.__ARM_fpclassifyf  m_wm.l(fpclassifyf.o)
    0x08003dee   0x00000002   PAD
    0x08003df0   0x00000118   Code   RO         5438    i.__hardfp_acosf    m_wm.l(acosf.o)
    0x08003f08   0x000002d8   Code   RO         5765    i.__hardfp_atan     m_wm.l(atan.o)
    0x080041e0   0x000001f0   Code   RO         5450    i.__hardfp_atan2    m_wm.l(atan2.o)
    0x080043d0   0x00000190   Code   RO         5462    i.__hardfp_sinf     m_wm.l(sinf.o)
    0x08004560   0x000000f8   Code   RO         5874    i.__kernel_poly     m_wm.l(poly.o)
    0x08004658   0x00000014   Code   RO         5780    i.__mathlib_dbl_infnan  m_wm.l(dunder.o)
    0x0800466c   0x00000014   Code   RO         5781    i.__mathlib_dbl_infnan2  m_wm.l(dunder.o)
    0x08004680   0x00000020   Code   RO         5785    i.__mathlib_dbl_underflow  m_wm.l(dunder.o)
    0x080046a0   0x00000006   Code   RO         5802    i.__mathlib_flt_infnan  m_wm.l(funder.o)
    0x080046a6   0x00000002   PAD
    0x080046a8   0x00000010   Code   RO         5804    i.__mathlib_flt_invalid  m_wm.l(funder.o)
    0x080046b8   0x00000010   Code   RO         5807    i.__mathlib_flt_underflow  m_wm.l(funder.o)
    0x080046c8   0x00000154   Code   RO         5816    i.__mathlib_rredf2  m_wm.l(rredf.o)
    0x0800481c   0x0000000e   Code   RO         5882    i.__scatterload_copy  mc_w.l(handlers.o)
    0x0800482a   0x00000002   Code   RO         5883    i.__scatterload_null  mc_w.l(handlers.o)
    0x0800482c   0x0000000e   Code   RO         5884    i.__scatterload_zeroinit  mc_w.l(handlers.o)
    0x0800483a   0x00000002   PAD
    0x0800483c   0x0000000c   Code   RO         5856    i.__set_errno       mc_w.l(errno.o)
    0x08004848   0x000002d4   Code   RO           16    i.__sti___8_main_cpp_7d6d8351  main.o
    0x08004b1c   0x00000164   Code   RO         5727    i._fp_digits        mc_w.l(printfa.o)
    0x08004c80   0x00000058   Code   RO         3305    i._init_box         rt_membox.o
    0x08004cd8   0x00000410   Code   RO         5701    i._printf_core      mc_w.l(printf8.o)
    0x080050e8   0x000006dc   Code   RO         5728    i._printf_core      mc_w.l(printfa.o)
    0x080057c4   0x00000024   Code   RO         5702    i._printf_post_padding  mc_w.l(printf8.o)
    0x080057e8   0x00000024   Code   RO         5729    i._printf_post_padding  mc_w.l(printfa.o)
    0x0800580c   0x0000002e   Code   RO         5703    i._printf_pre_padding  mc_w.l(printf8.o)
    0x0800583a   0x0000002e   Code   RO         5730    i._printf_pre_padding  mc_w.l(printfa.o)
    0x08005868   0x0000000a   Code   RO         5732    i._sputc            mc_w.l(printfa.o)
    0x08005872   0x00000010   Code   RO         5767    i.atan              m_wm.l(atan.o)
    0x08005882   0x00000002   PAD
    0x08005884   0x00000058   Code   RO          841    i.bsp_Init          bsp.o
    0x080058dc   0x00000010   Code   RO          774    i.bsp_InitHardTimer  bsp_hardtimer.o
    0x080058ec   0x00000064   Code   RO          615    i.bsp_InitLed       bsp_led.o
    0x08005950   0x00000010   Code   RO          996    i.bsp_InitUart      bsp_usart.o
    0x08005960   0x0000005c   Code   RO          617    i.bsp_LedOff        bsp_led.o
    0x080059bc   0x0000005c   Code   RO          618    i.bsp_LedOn         bsp_led.o
    0x08005a18   0x00000118   Code   RO          893    i.bsp_RC_Init       bsp_dr16.o
    0x08005b30   0x0000005c   Code   RO         3708    i.controlnormalmode_update  motor.o
    0x08005b8c   0x00000020   Code   RO         3853    i.delay_ms_nos      systemtimer.o
    0x08005bac   0x00000018   Code   RO         3854    i.delay_us_nos      systemtimer.o
    0x08005bc4   0x00000018   Code   RO         5795    i.fabs              m_wm.l(fabs.o)
    0x08005bdc   0x00000024   Code   RO          998    i.fputc             bsp_usart.o
    0x08005c00   0x000000d8   Code   RO         4209    i.function          debugtools.o
    0x08005cd8   0x0000004e   Code   RO         4210    i.getnum            debugtools.o
    0x08005d26   0x00000002   PAD
    0x08005d28   0x000005dc   Code   RO         4757    i.imu_update        mpu6050.o
    0x08006304   0x00000016   Code   RO         3253    i.isr_mbx_send      rt_mailbox.o
    0x0800631a   0x00000002   PAD
    0x0800631c   0x0000002c   Code   RO           17    i.main              main.o
    0x08006348   0x00000016   Code   RO         4211    i.mypow             debugtools.o
    0x0800635e   0x00000022   Code   RO         4212    i.mystrcmp          debugtools.o
    0x08006380   0x0000007c   Code   RO         4565    i.os_dr16           os_dr16.o
    0x080063fc   0x00000004   Code   RO          355    i.os_error          rtx_conf_cm.o
    0x08006400   0x00000004   Code   RO          356    i.os_idle_demon     rtx_conf_cm.o
    0x08006404   0x00000030   Code   RO         3419    i.os_tick_init      rt_system.o
    0x08006434   0x00000002   Code   RO         3420    i.os_tick_irqack    rt_system.o
    0x08006436   0x00000002   PAD
    0x08006438   0x00000030   Code   RO          357    i.os_tmr_call       rtx_conf_cm.o
    0x08006468   0x0000001e   Code   RO         3306    i.rt_alloc_box      rt_membox.o
    0x08006486   0x00000002   PAD
    0x08006488   0x00000038   Code   RO         3503    i.rt_block          rt_task.o
    0x080064c0   0x00000002   Code   RO          358    i.rt_chk_robin      rtx_conf_cm.o
    0x080064c2   0x00000002   PAD
    0x080064c4   0x00000094   Code   RO         3171    i.rt_dec_dly        rt_list.o
    0x08006558   0x00000050   Code   RO         3504    i.rt_dispatch       rt_task.o
    0x080065a8   0x0000000e   Code   RO         3587    i.rt_dly_wait       rt_time.o
    0x080065b6   0x00000002   PAD
    0x080065b8   0x00000058   Code   RO         3113    i.rt_evt_psh        rt_event.o
    0x08006610   0x00000024   Code   RO         3307    i.rt_free_box       rt_membox.o
    0x08006634   0x00000028   Code   RO         3505    i.rt_get_TID        rt_task.o
    0x0800665c   0x00000032   Code   RO         3172    i.rt_get_first      rt_list.o
    0x0800668e   0x00000002   PAD
    0x08006690   0x0000004c   Code   RO         3506    i.rt_init_context   rt_task.o
    0x080066dc   0x00000002   Code   RO          359    i.rt_init_robin     rtx_conf_cm.o
    0x080066de   0x00000002   PAD
    0x080066e0   0x00000054   Code   RO         3651    i.rt_init_stack     hal_cm4.o
    0x08006734   0x0000001c   Code   RO         3588    i.rt_itv_set        rt_time.o
    0x08006750   0x0000000c   Code   RO         3254    i.rt_mbx_check      rt_mailbox.o
    0x0800675c   0x00000020   Code   RO         3255    i.rt_mbx_init       rt_mailbox.o
    0x0800677c   0x000000d8   Code   RO         3256    i.rt_mbx_psh        rt_mailbox.o
    0x08006854   0x000000dc   Code   RO         3258    i.rt_mbx_wait       rt_mailbox.o
    0x08006930   0x000000a8   Code   RO         3421    i.rt_pop_req        rt_system.o
    0x080069d8   0x00000024   Code   RO         3422    i.rt_psh_req        rt_system.o
    0x080069fc   0x0000007c   Code   RO         3174    i.rt_psq_enq        rt_list.o
    0x08006a78   0x0000005c   Code   RO         3175    i.rt_put_dly        rt_list.o
    0x08006ad4   0x00000040   Code   RO         3176    i.rt_put_prio       rt_list.o
    0x08006b14   0x00000014   Code   RO         3177    i.rt_put_rdy_first  rt_list.o
    0x08006b28   0x00000028   Code   RO         3179    i.rt_rmv_dly        rt_list.o
    0x08006b50   0x00000034   Code   RO         3180    i.rt_rmv_list       rt_list.o
    0x08006b84   0x00000038   Code   RO         3384    i.rt_sem_psh        rt_semaphore.o
    0x08006bbc   0x00000030   Code   RO         3424    i.rt_stk_check      rt_system.o
    0x08006bec   0x00000010   Code   RO         3507    i.rt_switch_req     rt_task.o
    0x08006bfc   0x00000184   Code   RO         3508    i.rt_sys_init       rt_task.o
    0x08006d80   0x00000044   Code   RO         3426    i.rt_systick        rt_system.o
    0x08006dc4   0x0000004c   Code   RO         3622    i.rt_tmr_tick       rt_timer.o
    0x08006e10   0x00000068   Code   RO         3509    i.rt_tsk_create     rt_task.o
    0x08006e78   0x00000180   Code   RO         3510    i.rt_tsk_delete     rt_task.o
    0x08006ff8   0x00000274   Code   RO         4213    i.run               debugtools.o
    0x0800726c   0x0000003e   Code   RO         5821    i.sqrtf             m_wm.l(sqrtf_full.o)
    0x080072aa   0x00000002   PAD
    0x080072ac   0x0000015c   Code   RO         4214    i.str2num           debugtools.o
    0x08007408   0x00000030   Code   RO          999    i.u1_printf         bsp_usart.o
    0x08007438   0x00000028   Data   RO          361    .constdata          rtx_conf_cm.o
    0x08007460   0x00000004   Data   RO         3429    .constdata          rt_system.o
    0x08007464   0x00000004   PAD
    0x08007468   0x00000098   Data   RO         5768    .constdata          m_wm.l(atan.o)
    0x08007500   0x00000008   Data   RO         5815    .constdata          m_wm.l(qnan.o)
    0x08007508   0x00000020   Data   RO         5817    .constdata          m_wm.l(rredf.o)
    0x08007528   0x000001d5   Data   RO         4291    .conststring        debugtoolsconfig.o
    0x080076fd   0x00000003   PAD
    0x08007700   0x00000020   Data   RO         5880    Region$$Table       anon$$obj.o
    0x08007720   0x00000004   Data   RO           34    .init_array         main.o
    0x08007724   0x00000000   Data   RO         5749    .init_array         mc_w.l(cpp_init.o)


    Execution Region RW_IRAM1 (Base: 0x20000000, Size: 0x000054d8, Max: 0x00020000, ABSOLUTE, COMPRESSED[0x00000098])

    Base Addr    Size         Type   Attr      Idx    E Section Name        Object

    0x20000000   0x00000058   Data   RW           33    .data               main.o
    0x20000058   0x00000004   Data   RW          362    .data               rtx_conf_cm.o
    0x2000005c   0x00000004   Data   RW          777    .data               bsp_hardtimer.o
    0x20000060   0x00000001   Data   RW         1001    .data               bsp_usart.o
    0x20000061   0x00000010   Data   RW         1142    .data               stm32f4xx_rcc.o
    0x20000071   0x00000003   PAD
    0x20000074   0x00000007   Data   RW         3430    .data               rt_system.o
    0x2000007b   0x00000001   PAD
    0x2000007c   0x00000008   Data   RW         3515    .data               rt_task.o
    0x20000084   0x00000004   Data   RW         3591    .data               rt_time.o
    0x20000088   0x00000008   Data   RW         3623    .data               rt_timer.o
    0x20000090   0x00000018   Data   RW         3726    .data               motor.o
    0x200000a8   0x00000010   Data   RW         3855    .data               systemtimer.o
    0x200000b8   0x000000d0   Data   RW         4292    .data               debugtoolsconfig.o
    0x20000188   0x0000000c   Data   RW         4567    .data               os_dr16.o
    0x20000194   0x00000008   Data   RW         4630    .data               usartframe_stm32.o
    0x2000019c   0x00000033   Data   RW         4760    .data               mpu6050.o
    0x200001cf   0x00000001   PAD
    0x200001d0   0x00000004   Data   RW         5845    .data               mc_w.l(stdout.o)
    0x200001d4   0x00000004   Data   RW         5857    .data               mc_w.l(errno.o)
    0x200001d8   0x00001790   Zero   RW           32    .bss                main.o
    0x20001968   0x00000430   Zero   RW          360    .bss                rtx_conf_cm.o
    0x20001d98   0x00000038   Zero   RW          776    .bss                bsp_hardtimer.o
    0x20001dd0   0x00001029   Zero   RW          894    .bss                bsp_dr16.o
    0x20002df9   0x00000007   PAD
    0x20002e00   0x00000c00   Zero   RW         1000    .bss                bsp_usart.o
    0x20003a00   0x00000030   Zero   RW         3181    .bss                rt_list.o
    0x20003a30   0x00000038   Zero   RW         3514    .bss                rt_task.o
    0x20003a68   0x0000000c   Zero   RW         3724    .bss                motor.o
    0x20003a74   0x00000108   Zero   RW         4027    .bss                cpid.o
    0x20003b7c   0x00000004   PAD
    0x20003b80   0x00001436   Zero   RW         4629    .bss                usartframe_stm32.o
    0x20004fb6   0x00000002   PAD
    0x20004fb8   0x00000120   Zero   RW         4758    .bss                mpu6050.o
    0x200050d8   0x00000400   Zero   RW         1079    STACK               startup_stm32f40_41xxx.o


==============================================================================

Image component sizes


      Code (inc. data)   RO Data    RW Data    ZI Data      Debug   Object Name

       120         32          0          0          0       1122   bsp.o
       392         62          0          0       4137       5701   bsp_dr16.o
       458         28          0          4         56       5212   bsp_hardtimer.o
       284         72          0          0          0       9271   bsp_led.o
       760         64          0          1       3072       8559   bsp_usart.o
      1708        120          0          0        264      14793   cpid.o
      1326         24          0          0          0       5031   debugtools.o
      1116        216        469        208          0       8437   debugtoolsconfig.o
       496         36          0          0          0       1600   hal_cm4.o
      1726        380          4         88       6032     319158   main.o
       120         14          0          0          0       1244   misc.o
       684         60          0         24         12       8178   motor.o
      3444        188          0         51        288      19966   mpu6050.o
       680        106          0          0          0       4874   myiic.o
       124         22          0         12          0      11195   os_dr16.o
       532         20          0          0          0       1506   pwm.o
        88          4          0          0          0       2629   rt_event.o
       590         30          0          0         48       8380   rt_list.o
       502          8          0          0          0       3531   rt_mailbox.o
       154          0          0          0          0       2197   rt_membox.o
        56          6          0          0          0        637   rt_semaphore.o
       370         56          4          7          0       4706   rt_system.o
      1144        146          0          8         56       6542   rt_task.o
        42          8          0          4          0       1365   rt_time.o
        76         10          0          8          0        855   rt_timer.o
        60         14         40          4       1072     312766   rtx_conf_cm.o
        36          8        392          0       1024        976   startup_stm32f40_41xxx.o
       698         58          0          0          0       7996   stm32f4xx_dma.o
       214          0          0          0          0       2103   stm32f4xx_gpio.o
       104         50          0          0          0       3353   stm32f4xx_it.o
       392         48          0         16          0       6625   stm32f4xx_rcc.o
       916         66          0          0          0      14414   stm32f4xx_tim.o
       686         42          0          0          0       7087   stm32f4xx_usart.o
         4          4          0          0          0        248   svc_table.o
       340         32          0          0          0       1785   system_stm32f4xx.o
       272         44          0         16          0       3131   systemtimer.o
       592         46          0          8       5174      13242   usartframe_stm32.o

    ----------------------------------------------------------------------
     21348       2124        948        464      21248     830415   Object Totals
         0          0         32          0          0          0   (incl. Generated)
        42          0          7          5         13          0   (incl. Padding)

    ----------------------------------------------------------------------

      Code (inc. data)   RO Data    RW Data    ZI Data      Debug   Library Member Name

       280         46          0          0          0        176   acosf.o
       744        106        152          0          0        352   atan.o
       496         64          0          0          0        192   atan2.o
        72          8          0          0          0        372   dunder.o
        24          0          0          0          0        124   fabs.o
        48          0          0          0          0        124   fpclassify.o
        38          0          0          0          0        116   fpclassifyf.o
        38         12          0          0          0        348   funder.o
       248          0          0          0          0        152   poly.o
         0          0          8          0          0          0   qnan.o
       340         24         32          0          0        160   rredf.o
       400         56          0          0          0        212   sinf.o
        62          0          0          0          0        136   sqrtf_full.o
        86          0          0          0          0          0   __dczerorl2.o
        32         10          0          0          0         80   cpp_init.o
         0          0          0          0          0          0   entry.o
         0          0          0          0          0          0   entry10a.o
         0          0          0          0          0          0   entry11a.o
         8          4          0          0          0          0   entry2.o
         4          0          0          0          0          0   entry5.o
         0          0          0          0          0          0   entry7b.o
         4          0          0          0          0          0   entry8a.o
         0          0          0          0          0          0   entry8b.o
         8          4          0          0          0          0   entry9a.o
        12          6          0          4          0         68   errno.o
        30          0          0          0          0          0   handlers.o
        36          8          0          0          0         68   init.o
         0          0          0          0          0          0   iusefp.o
        30          0          0          0          0         68   llshl.o
        36          0          0          0          0         68   llsshr.o
        32          0          0          0          0         68   llushr.o
        36          0          0          0          0        108   memseta.o
      1154         54          0          0          0        352   printf8.o
      2240         86          0          0          0        508   printfa.o
         0          0          0          4          0          0   stdout.o
        14          0          0          0          0         68   strlen.o
        44          0          0          0          0         80   uidiv.o
        98          0          0          0          0         92   uldiv.o
        48          0          0          0          0         68   cdrcmple.o
        56          0          0          0          0         88   d2f.o
       334          0          0          0          0        148   dadd.o
       222          0          0          0          0        100   ddiv.o
       186          0          0          0          0        176   depilogue.o
        48          0          0          0          0         68   dfixul.o
        34          0          0          0          0         76   dflti.o
       228          0          0          0          0         96   dmul.o
        38          0          0          0          0         68   f2d.o
       110          0          0          0          0        168   fepilogue.o

    ----------------------------------------------------------------------
      8012        488        192          8          0       5148   Library Totals
        14          0          0          0          0          0   (incl. Padding)

    ----------------------------------------------------------------------

      Code (inc. data)   RO Data    RW Data    ZI Data      Debug   Library Name

      2790        316        192          0          0       2464   m_wm.l
      3904        172          0          8          0       1628   mc_w.l
      1304          0          0          0          0       1056   mf_w.l

    ----------------------------------------------------------------------
      8012        488        192          8          0       5148   Library Totals

    ----------------------------------------------------------------------

==============================================================================


      Code (inc. data)   RO Data    RW Data    ZI Data      Debug   

     29360       2612       1140        472      21248     814243   Grand Totals
     29360       2612       1140        152      21248     814243   ELF Image Totals (compressed)
     29360       2612       1140        152          0          0   ROM Totals

==============================================================================

    Total RO  Size (Code + RO Data)                30500 (  29.79kB)
    Total RW  Size (RW Data + ZI Data)             21720 (  21.21kB)
    Total ROM Size (Code + RO Data + RW Data)      30652 (  29.93kB)

==============================================================================

