<html>
<body>
<pre>
<h1>礦ision Build Log</h1>
<h2>Tool Versions:</h2>
IDE-Version: Vision V5.14.0.0
Copyright (C) 2015 ARM Ltd and ARM Germany GmbH. All rights reserved.
License Information: asasas ding, ding, LIC=4ZLNN-YAPZN-FZ7WU-SAPVF-GD9AZ-JWKW2
 
Tool Versions:
Toolchain:       MDK-ARM Professional  Version: 5.14.0.0
Toolchain Path:  C:\Keil_v5\ARM\ARMCC\Bin
C Compiler:      Armcc.exe V5.05 update 1 (build 106)
Assembler:       Armasm.exe V5.05 update 1 (build 106)
Linker/Locator:  ArmLink.exe V5.05 update 1 (build 106)
Library Manager: ArmAr.exe V5.05 update 1 (build 106)
Hex Converter:   FromElf.exe V5.05 update 1 (build 106)
CPU DLL:         SARMCM3.DLL V5.14.0.0
Dialog DLL:      DCM.DLL V1.13.1.0
Target DLL:      Segger\JL2CM3.dll V2.99.13.0
Dialog DLL:      TCM.DLL V1.14.4.0
 
<h2>Project:</h2>
C:\Users\丁\Desktop\RobotLab\Four-axis aircraft\大四轴3.0\大四轴25.2\Project\MDK-ARM\project.uvprojx
Project File Date:  11/26/2016

<h2>Output:</h2>
Build target 'Flash'
compiling cpid.cpp...
linking...
Program Size: Code=29360 RO-data=1140 RW-data=472 ZI-data=21248  
FromELF: creating hex file...
After Build - User command #1: CopyHex_Flash.bat
C:\Users\丁\Desktop\RobotLab\Four-axis aircraft\大四轴3.0\大四轴25.2\Project\MDK-ARM>copy Flash\Obj\output.hex ..\output(mdk).hex 
已复制         1 个文件。
C:\Users\丁\Desktop\RobotLab\Four-axis aircraft\大四轴3.0\大四轴25.2\Project\MDK-ARM>copy Flash\Obj\output.build_log.htm ..\..\04.编译信息.htm 
已复制         1 个文件。
".\Flash\Obj\output.axf" - 0 Error(s), 0 Warning(s).

<h2>Software Packages used:</h2>

Package Vendor: ARM
                http://www.keil.com/pack/ARM.CMSIS.4.2.0.pack
                ARM::CMSIS:CORE:3.40.0
                CMSIS (Cortex Microcontroller Software Interface Standard)
   * Component: CORE Version: 3.40.0

<h2>Collection of Component include folders:</h2>
  C:\Users\丁\Desktop\RobotLab\Four-axis aircraft\大四轴3.0\大四轴25.2\Project\MDK-ARM\RTE
  C:\Keil_v5\ARM\PACK\ARM\CMSIS\4.2.0\CMSIS\Include
  C:\Keil_v5\ARM\PACK\Keil\STM32F4xx_DFP\1.0.8\Device\Include

<h2>Collection of Component Files used:</h2>

   * Component: ARM::CMSIS:CORE:3.40.0
      Source file:   CMSIS\UserCodeTemplates\ARM\ITM_Retarget.c
</pre>
</body>
</html>
